[2026-07-16 18:05:59] local.ERROR: Expected response code "250" but got code "530", with message "530 5.7.1 Authentication required". {"exception":"[object] (Symfony\\Component\\Mailer\\Exception\\UnexpectedResponseException(code: 530): Expected response code \"250\" but got code \"530\", with message \"530 5.7.1 Authentication required\". at C:/Users/ceron/Downloads/OptiGest_Cadiliompa_PostgreSQL/optigest/backend/vendor/symfony/mailer/Transport/Smtp/SmtpTransport.php:331)
[stacktrace]
#0 C:/Users/ceron/Downloads/OptiGest_Cadiliompa_PostgreSQL/optigest/backend/vendor/symfony/mailer/Transport/Smtp/SmtpTransport.php(187): Symfony/Component/Mailer/Transport/Smtp/SmtpTransport->assertResponseCode('530 5.7.1 Authe...', Array)
#1 C:/Users/ceron/Downloads/OptiGest_Cadiliompa_PostgreSQL/optigest/backend/vendor/symfony/mailer/Transport/Smtp/EsmtpTransport.php(150): Symfony/Component/Mailer/Transport/Smtp/SmtpTransport->executeCommand('MAIL FROM:<no-r...', Array)
#2 C:/Users/ceron/Downloads/OptiGest_Cadiliompa_PostgreSQL/optigest/backend/vendor/symfony/mailer/Transport/Smtp/SmtpTransport.php(252): Symfony/Component/Mailer/Transport/Smtp/EsmtpTransport->executeCommand('MAIL FROM:<no-r...', Array)
#3 C:/Users/ceron/Downloads/OptiGest_Cadiliompa_PostgreSQL/optigest/backend/vendor/symfony/mailer/Transport/Smtp/SmtpTransport.php(204): Symfony/Component/Mailer/Transport/Smtp/SmtpTransport->doMailFromCommand('no-reply@cadili...', false)
#4 C:/Users/ceron/Downloads/OptiGest_Cadiliompa_PostgreSQL/optigest/backend/vendor/symfony/mailer/Transport/AbstractTransport.php(69): Symfony/Component/Mailer/Transport/Smtp/SmtpTransport->doSend(Object(Symfony/Component/Mailer/SentMessage))
#5 C:/Users/ceron/Downloads/OptiGest_Cadiliompa_PostgreSQL/optigest/backend/vendor/symfony/mailer/Transport/Smtp/SmtpTransport.php(138): Symfony/Component/Mailer/Transport/AbstractTransport->send(Object(Symfony/Component/Mime/Email), Object(Symfony/Component/Mailer/DelayedEnvelope))
#6 C:/Users/ceron/Downloads/OptiGest_Cadiliompa_PostgreSQL/optigest/backend/vendor/laravel/framework/src/Illuminate/Mail/Mailer.php(585): Symfony/Component/Mailer/Transport/Smtp/SmtpTransport->send(Object(Symfony/Component/Mime/Email), Object(Symfony/Component/Mailer/DelayedEnvelope))
#7 C:/Users/ceron/Downloads/OptiGest_Cadiliompa_PostgreSQL/optigest/backend/vendor/laravel/framework/src/Illuminate/Mail/Mailer.php(332): Illuminate/Mail/Mailer->sendSymfonyMessage(Object(Symfony/Component/Mime/Email))
#8 C:/Users/ceron/Downloads/OptiGest_Cadiliompa_PostgreSQL/optigest/backend/vendor/laravel/framework/src/Illuminate/Notifications/Channels/MailChannel.php(67): Illuminate/Mail/Mailer->send(Object(Closure), Array, Object(Closure))
#9 C:/Users/ceron/Downloads/OptiGest_Cadiliompa_PostgreSQL/optigest/backend/vendor/laravel/framework/src/Illuminate/Notifications/NotificationSender.php(148): Illuminate/Notifications/Channels/MailChannel->send(Object(App/Models/User), Object(Illuminate/Auth/Notifications/ResetPassword))
#10 C:/Users/ceron/Downloads/OptiGest_Cadiliompa_PostgreSQL/optigest/backend/vendor/laravel/framework/src/Illuminate/Notifications/NotificationSender.php(106): Illuminate/Notifications/NotificationSender->sendToNotifiable(Object(App/Models/User), '373b58f1-39f7-4...', Object(Illuminate/Auth/Notifications/ResetPassword), 'mail')
#11 C:/Users/ceron/Downloads/OptiGest_Cadiliompa_PostgreSQL/optigest/backend/vendor/laravel/framework/src/Illuminate/Support/Traits/Localizable.php(19): Illuminate/Notifications/NotificationSender->Illuminate/Notifications/{closure}()
#12 C:/Users/ceron/Downloads/OptiGest_Cadiliompa_PostgreSQL/optigest/backend/vendor/laravel/framework/src/Illuminate/Notifications/NotificationSender.php(101): Illuminate/Notifications/NotificationSender->withLocale(NULL, Object(Closure))
#13 C:/Users/ceron/Downloads/OptiGest_Cadiliompa_PostgreSQL/optigest/backend/vendor/laravel/framework/src/Illuminate/Notifications/NotificationSender.php(79): Illuminate/Notifications/NotificationSender->sendNow(Object(Illuminate/Database/Eloquent/Collection), Object(Illuminate/Auth/Notifications/ResetPassword))
#14 C:/Users/ceron/Downloads/OptiGest_Cadiliompa_PostgreSQL/optigest/backend/vendor/laravel/framework/src/Illuminate/Notifications/ChannelManager.php(39): Illuminate/Notifications/NotificationSender->send(Object(Illuminate/Database/Eloquent/Collection), Object(Illuminate/Auth/Notifications/ResetPassword))
#15 C:/Users/ceron/Downloads/OptiGest_Cadiliompa_PostgreSQL/optigest/backend/vendor/laravel/framework/src/Illuminate/Notifications/RoutesNotifications.php(18): Illuminate/Notifications/ChannelManager->send(Object(App/Models/User), Object(Illuminate/Auth/Notifications/ResetPassword))
#16 C:/Users/ceron/Downloads/OptiGest_Cadiliompa_PostgreSQL/optigest/backend/vendor/laravel/framework/src/Illuminate/Auth/Passwords/CanResetPassword.php(27): App/Models/User->notify(Object(Illuminate/Auth/Notifications/ResetPassword))
#17 C:/Users/ceron/Downloads/OptiGest_Cadiliompa_PostgreSQL/optigest/backend/vendor/laravel/framework/src/Illuminate/Auth/Passwords/PasswordBroker.php(108): Illuminate/Foundation/Auth/User->sendPasswordResetNotification(Object(SensitiveParameterValue))
#18 C:/Users/ceron/Downloads/OptiGest_Cadiliompa_PostgreSQL/optigest/backend/vendor/laravel/framework/src/Illuminate/Support/Timebox.php(34): Illuminate/Auth/Passwords/PasswordBroker->Illuminate/Auth/Passwords/{closure}(Object(Illuminate/Support/Timebox))
#19 C:/Users/ceron/Downloads/OptiGest_Cadiliompa_PostgreSQL/optigest/backend/vendor/laravel/framework/src/Illuminate/Auth/Passwords/PasswordBroker.php(85): Illuminate/Support/Timebox->call(Object(Closure), 200000)
#20 C:/Users/ceron/Downloads/OptiGest_Cadiliompa_PostgreSQL/optigest/backend/vendor/laravel/framework/src/Illuminate/Auth/Passwords/PasswordBrokerManager.php(154): Illuminate/Auth/Passwords/PasswordBroker->sendResetLink(Object(SensitiveParameterValue))
#21 C:/Users/ceron/Downloads/OptiGest_Cadiliompa_PostgreSQL/optigest/backend/vendor/laravel/framework/src/Illuminate/Support/Facades/Facade.php(361): Illuminate/Auth/Passwords/PasswordBrokerManager->__call('sendResetLink', Array)
#22 C:/Users/ceron/Downloads/OptiGest_Cadiliompa_PostgreSQL/optigest/backend/app/Http/Controllers/Auth/PasswordResetLinkController.php(29): Illuminate/Support/Facades/Facade::__callStatic('sendResetLink', Array)
#23 C:/Users/ceron/Downloads/OptiGest_Cadiliompa_PostgreSQL/optigest/backend/vendor/laravel/framework/src/Illuminate/Routing/ControllerDispatcher.php(47): App/Http/Controllers/Auth/PasswordResetLinkController->store(Object(Illuminate/Http/Request))
#24 C:/Users/ceron/Downloads/OptiGest_Cadiliompa_PostgreSQL/optigest/backend/vendor/laravel/framework/src/Illuminate/Routing/Route.php(266): Illuminate/Routing/ControllerDispatcher->dispatch(Object(Illuminate/Routing/Route), Object(App/Http/Controllers/Auth/PasswordResetLinkController), 'store')
#25 C:/Users/ceron/Downloads/OptiGest_Cadiliompa_PostgreSQL/optigest/backend/vendor/laravel/framework/src/Illuminate/Routing/Route.php(212): Illuminate/Routing/Route->runController()
#26 C:/Users/ceron/Downloads/OptiGest_Cadiliompa_PostgreSQL/optigest/backend/vendor/laravel/framework/src/Illuminate/Routing/Router.php(808): Illuminate/Routing/Route->run()
#27 C:/Users/ceron/Downloads/OptiGest_Cadiliompa_PostgreSQL/optigest/backend/vendor/laravel/framework/src/Illuminate/Pipeline/Pipeline.php(170): Illuminate/Routing/Router->Illuminate/Routing/{closure}(Object(Illuminate/Http/Request))
#28 C:/Users/ceron/Downloads/OptiGest_Cadiliompa_PostgreSQL/optigest/backend/vendor/laravel/framework/src/Illuminate/Auth/Middleware/RedirectIfAuthenticated.php(35): Illuminate/Pipeline/Pipeline->Illuminate/Pipeline/{closure}(Object(Illuminate/Http/Request))
#29 C:/Users/ceron/Downloads/OptiGest_Cadiliompa_PostgreSQL/optigest/backend/vendor/laravel/framework/src/Illuminate/Pipeline/Pipeline.php(209): Illuminate/Auth/Middleware/RedirectIfAuthenticated->handle(Object(Illuminate/Http/Request), Object(Closure))
#30 C:/Users/ceron/Downloads/OptiGest_Cadiliompa_PostgreSQL/optigest/backend/vendor/laravel/framework/src/Illuminate/Routing/Middleware/SubstituteBindings.php(51): Illuminate/Pipeline/Pipeline->Illuminate/Pipeline/{closure}(Object(Illuminate/Http/Request))
#31 C:/Users/ceron/Downloads/OptiGest_Cadiliompa_PostgreSQL/optigest/backend/vendor/laravel/framework/src/Illuminate/Pipeline/Pipeline.php(209): Illuminate/Routing/Middleware/SubstituteBindings->handle(Object(Illuminate/Http/Request), Object(Closure))
#32 C:/Users/ceron/Downloads/OptiGest_Cadiliompa_PostgreSQL/optigest/backend/vendor/laravel/framework/src/Illuminate/Foundation/Http/Middleware/VerifyCsrfToken.php(88): Illuminate/Pipeline/Pipeline->Illuminate/Pipeline/{closure}(Object(Illuminate/Http/Request))
#33 C:/Users/ceron/Downloads/OptiGest_Cadiliompa_PostgreSQL/optigest/backend/vendor/laravel/framework/src/Illuminate/Pipeline/Pipeline.php(209): Illuminate/Foundation/Http/Middleware/VerifyCsrfToken->handle(Object(Illuminate/Http/Request), Object(Closure))
#34 C:/Users/ceron/Downloads/OptiGest_Cadiliompa_PostgreSQL/optigest/backend/vendor/laravel/framework/src/Illuminate/View/Middleware/ShareErrorsFromSession.php(49): Illuminate/Pipeline/Pipeline->Illuminate/Pipeline/{closure}(Object(Illuminate/Http/Request))
#35 C:/Users/ceron/Downloads/OptiGest_Cadiliompa_PostgreSQL/optigest/backend/vendor/laravel/framework/src/Illuminate/Pipeline/Pipeline.php(209): Illuminate/View/Middleware/ShareErrorsFromSession->handle(Object(Illuminate/Http/Request), Object(Closure))
#36 C:/Users/ceron/Downloads/OptiGest_Cadiliompa_PostgreSQL/optigest/backend/vendor/laravel/framework/src/Illuminate/Session/Middleware/StartSession.php(121): Illuminate/Pipeline/Pipeline->Illuminate/Pipeline/{closure}(Object(Illuminate/Http/Request))
#37 C:/Users/ceron/Downloads/OptiGest_Cadiliompa_PostgreSQL/optigest/backend/vendor/laravel/framework/src/Illuminate/Session/Middleware/StartSession.php(64): Illuminate/Session/Middleware/StartSession->handleStatefulRequest(Object(Illuminate/Http/Request), Object(Illuminate/Session/Store), Object(Closure))
#38 C:/Users/ceron/Downloads/OptiGest_Cadiliompa_PostgreSQL/optigest/backend/vendor/laravel/framework/src/Illuminate/Pipeline/Pipeline.php(209): Illuminate/Session/Middleware/StartSession->handle(Object(Illuminate/Http/Request), Object(Closure))
#39 C:/Users/ceron/Downloads/OptiGest_Cadiliompa_PostgreSQL/optigest/backend/vendor/laravel/framework/src/Illuminate/Cookie/Middleware/AddQueuedCookiesToResponse.php(37): Illuminate/Pipeline/Pipeline->Illuminate/Pipeline/{closure}(Object(Illuminate/Http/Request))
#40 C:/Users/ceron/Downloads/OptiGest_Cadiliompa_PostgreSQL/optigest/backend/vendor/laravel/framework/src/Illuminate/Pipeline/Pipeline.php(209): Illuminate/Cookie/Middleware/AddQueuedCookiesToResponse->handle(Object(Illuminate/Http/Request), Object(Closure))
#41 C:/Users/ceron/Downloads/OptiGest_Cadiliompa_PostgreSQL/optigest/backend/vendor/laravel/framework/src/Illuminate/Cookie/Middleware/EncryptCookies.php(75): Illuminate/Pipeline/Pipeline->Illuminate/Pipeline/{closure}(Object(Illuminate/Http/Request))
#42 C:/Users/ceron/Downloads/OptiGest_Cadiliompa_PostgreSQL/optigest/backend/vendor/laravel/framework/src/Illuminate/Pipeline/Pipeline.php(209): Illuminate/Cookie/Middleware/EncryptCookies->handle(Object(Illuminate/Http/Request), Object(Closure))
#43 C:/Users/ceron/Downloads/OptiGest_Cadiliompa_PostgreSQL/optigest/backend/vendor/laravel/framework/src/Illuminate/Pipeline/Pipeline.php(127): Illuminate/Pipeline/Pipeline->Illuminate/Pipeline/{closure}(Object(Illuminate/Http/Request))
#44 C:/Users/ceron/Downloads/OptiGest_Cadiliompa_PostgreSQL/optigest/backend/vendor/laravel/framework/src/Illuminate/Routing/Router.php(807): Illuminate/Pipeline/Pipeline->then(Object(Closure))
#45 C:/Users/ceron/Downloads/OptiGest_Cadiliompa_PostgreSQL/optigest/backend/vendor/laravel/framework/src/Illuminate/Routing/Router.php(786): Illuminate/Routing/Router->runRouteWithinStack(Object(Illuminate/Routing/Route), Object(Illuminate/Http/Request))
#46 C:/Users/ceron/Downloads/OptiGest_Cadiliompa_PostgreSQL/optigest/backend/vendor/laravel/framework/src/Illuminate/Routing/Router.php(750): Illuminate/Routing/Router->runRoute(Object(Illuminate/Http/Request), Object(Illuminate/Routing/Route))
#47 C:/Users/ceron/Downloads/OptiGest_Cadiliompa_PostgreSQL/optigest/backend/vendor/laravel/framework/src/Illuminate/Routing/Router.php(739): Illuminate/Routing/Router->dispatchToRoute(Object(Illuminate/Http/Request))
#48 C:/Users/ceron/Downloads/OptiGest_Cadiliompa_PostgreSQL/optigest/backend/vendor/laravel/framework/src/Illuminate/Foundation/Http/Kernel.php(201): Illuminate/Routing/Router->dispatch(Object(Illuminate/Http/Request))
#49 C:/Users/ceron/Downloads/OptiGest_Cadiliompa_PostgreSQL/optigest/backend/vendor/laravel/framework/src/Illuminate/Pipeline/Pipeline.php(170): Illuminate/Foundation/Http/Kernel->Illuminate/Foundation/Http/{closure}(Object(Illuminate/Http/Request))
#50 C:/Users/ceron/Downloads/OptiGest_Cadiliompa_PostgreSQL/optigest/backend/vendor/laravel/framework/src/Illuminate/Foundation/Http/Middleware/TransformsRequest.php(21): Illuminate/Pipeline/Pipeline->Illuminate/Pipeline/{closure}(Object(Illuminate/Http/Request))
#51 C:/Users/ceron/Downloads/OptiGest_Cadiliompa_PostgreSQL/optigest/backend/vendor/laravel/framework/src/Illuminate/Foundation/Http/Middleware/ConvertEmptyStringsToNull.php(31): Illuminate/Foundation/Http/Middleware/TransformsRequest->handle(Object(Illuminate/Http/Request), Object(Closure))
#52 C:/Users/ceron/Downloads/OptiGest_Cadiliompa_PostgreSQL/optigest/backend/vendor/laravel/framework/src/Illuminate/Pipeline/Pipeline.php(209): Illuminate/Foundation/Http/Middleware/ConvertEmptyStringsToNull->handle(Object(Illuminate/Http/Request), Object(Closure))
#53 C:/Users/ceron/Downloads/OptiGest_Cadiliompa_PostgreSQL/optigest/backend/vendor/laravel/framework/src/Illuminate/Foundation/Http/Middleware/TransformsRequest.php(21): Illuminate/Pipeline/Pipeline->Illuminate/Pipeline/{closure}(Object(Illuminate/Http/Request))
#54 C:/Users/ceron/Downloads/OptiGest_Cadiliompa_PostgreSQL/optigest/backend/vendor/laravel/framework/src/Illuminate/Foundation/Http/Middleware/TrimStrings.php(51): Illuminate/Foundation/Http/Middleware/TransformsRequest->handle(Object(Illuminate/Http/Request), Object(Closure))
#55 C:/Users/ceron/Downloads/OptiGest_Cadiliompa_PostgreSQL/optigest/backend/vendor/laravel/framework/src/Illuminate/Pipeline/Pipeline.php(209): Illuminate/Foundation/Http/Middleware/TrimStrings->handle(Object(Illuminate/Http/Request), Object(Closure))
#56 C:/Users/ceron/Downloads/OptiGest_Cadiliompa_PostgreSQL/optigest/backend/vendor/laravel/framework/src/Illuminate/Http/Middleware/ValidatePostSize.php(27): Illuminate/Pipeline/Pipeline->Illuminate/Pipeline/{closure}(Object(Illuminate/Http/Request))
#57 C:/Users/ceron/Downloads/OptiGest_Cadiliompa_PostgreSQL/optigest/backend/vendor/laravel/framework/src/Illuminate/Pipeline/Pipeline.php(209): Illuminate/Http/Middleware/ValidatePostSize->handle(Object(Illuminate/Http/Request), Object(Closure))
#58 C:/Users/ceron/Downloads/OptiGest_Cadiliompa_PostgreSQL/optigest/backend/vendor/laravel/framework/src/Illuminate/Foundation/Http/Middleware/PreventRequestsDuringMaintenance.php(110): Illuminate/Pipeline/Pipeline->Illuminate/Pipeline/{closure}(Object(Illuminate/Http/Request))
#59 C:/Users/ceron/Downloads/OptiGest_Cadiliompa_PostgreSQL/optigest/backend/vendor/laravel/framework/src/Illuminate/Pipeline/Pipeline.php(209): Illuminate/Foundation/Http/Middleware/PreventRequestsDuringMaintenance->handle(Object(Illuminate/Http/Request), Object(Closure))
#60 C:/Users/ceron/Downloads/OptiGest_Cadiliompa_PostgreSQL/optigest/backend/vendor/laravel/framework/src/Illuminate/Http/Middleware/HandleCors.php(49): Illuminate/Pipeline/Pipeline->Illuminate/Pipeline/{closure}(Object(Illuminate/Http/Request))
#61 C:/Users/ceron/Downloads/OptiGest_Cadiliompa_PostgreSQL/optigest/backend/vendor/laravel/framework/src/Illuminate/Pipeline/Pipeline.php(209): Illuminate/Http/Middleware/HandleCors->handle(Object(Illuminate/Http/Request), Object(Closure))
#62 C:/Users/ceron/Downloads/OptiGest_Cadiliompa_PostgreSQL/optigest/backend/vendor/laravel/framework/src/Illuminate/Http/Middleware/TrustProxies.php(58): Illuminate/Pipeline/Pipeline->Illuminate/Pipeline/{closure}(Object(Illuminate/Http/Request))
#63 C:/Users/ceron/Downloads/OptiGest_Cadiliompa_PostgreSQL/optigest/backend/vendor/laravel/framework/src/Illuminate/Pipeline/Pipeline.php(209): Illuminate/Http/Middleware/TrustProxies->handle(Object(Illuminate/Http/Request), Object(Closure))
#64 C:/Users/ceron/Downloads/OptiGest_Cadiliompa_PostgreSQL/optigest/backend/vendor/laravel/framework/src/Illuminate/Foundation/Http/Middleware/InvokeDeferredCallbacks.php(22): Illuminate/Pipeline/Pipeline->Illuminate/Pipeline/{closure}(Object(Illuminate/Http/Request))
#65 C:/Users/ceron/Downloads/OptiGest_Cadiliompa_PostgreSQL/optigest/backend/vendor/laravel/framework/src/Illuminate/Pipeline/Pipeline.php(209): Illuminate/Foundation/Http/Middleware/InvokeDeferredCallbacks->handle(Object(Illuminate/Http/Request), Object(Closure))
#66 C:/Users/ceron/Downloads/OptiGest_Cadiliompa_PostgreSQL/optigest/backend/vendor/laravel/framework/src/Illuminate/Pipeline/Pipeline.php(127): Illuminate/Pipeline/Pipeline->Illuminate/Pipeline/{closure}(Object(Illuminate/Http/Request))
#67 C:/Users/ceron/Downloads/OptiGest_Cadiliompa_PostgreSQL/optigest/backend/vendor/laravel/framework/src/Illuminate/Foundation/Http/Kernel.php(176): Illuminate/Pipeline/Pipeline->then(Object(Closure))
#68 C:/Users/ceron/Downloads/OptiGest_Cadiliompa_PostgreSQL/optigest/backend/vendor/laravel/framework/src/Illuminate/Foundation/Http/Kernel.php(145): Illuminate/Foundation/Http/Kernel->sendRequestThroughRouter(Object(Illuminate/Http/Request))
#69 C:/Users/ceron/Downloads/OptiGest_Cadiliompa_PostgreSQL/optigest/backend/vendor/laravel/framework/src/Illuminate/Foundation/Application.php(1220): Illuminate/Foundation/Http/Kernel->handle(Object(Illuminate/Http/Request))
#70 C:/Users/ceron/Downloads/OptiGest_Cadiliompa_PostgreSQL/optigest/backend/public/index.php(15): Illuminate/Foundation/Application->handleRequest(Object(Illuminate/Http/Request))
#71 C:/Users/ceron/Downloads/OptiGest_Cadiliompa_PostgreSQL/optigest/backend/vendor/laravel/framework/src/Illuminate/Foundation/resources/server.php(23): require_once('C://Users//ceron//...')
#72 {main}
"} 
[2026-07-21 19:13:46] local.ERROR: Missing required parameter for [Route: cotizaciones.pdf] [URI: cotizaciones/{cotizacion}/pdf] [Missing parameter: cotizacion]. (View: C:\Users\ceron\Downloads\OptiGest_Cadiliompa_PostgreSQL\optigest\backend\resources\views\cotizaciones\show.blade.php) {"userId":3,"exception":"[object] (Illuminate\\View\\ViewException(code: 0): Missing required parameter for [Route: cotizaciones.pdf] [URI: cotizaciones/{cotizacion}/pdf] [Missing parameter: cotizacion]. (View: C:\\Users\\ceron\\Downloads\\OptiGest_Cadiliompa_PostgreSQL\\optigest\\backend\\resources\\views\\cotizaciones\\show.blade.php) at C:/Users/ceron/Downloads/OptiGest_Cadiliompa_PostgreSQL/optigest/backend/vendor/laravel/framework/src/Illuminate/Routing/Exceptions/UrlGenerationException.php:35)
[stacktrace]
#0 C:/Users/ceron/Downloads/OptiGest_Cadiliompa_PostgreSQL/optigest/backend/vendor/laravel/framework/src/Illuminate/View/Engines/PhpEngine.php(60): Illuminate/View/Engines/CompilerEngine->handleViewException(Object(Illuminate/Routing/Exceptions/UrlGenerationException), 1)
#1 C:/Users/ceron/Downloads/OptiGest_Cadiliompa_PostgreSQL/optigest/backend/vendor/laravel/framework/src/Illuminate/View/Engines/CompilerEngine.php(75): Illuminate/View/Engines/PhpEngine->evaluatePath('C://Users//ceron//...', Array)
#2 C:/Users/ceron/Downloads/OptiGest_Cadiliompa_PostgreSQL/optigest/backend/vendor/laravel/framework/src/Illuminate/View/View.php(209): Illuminate/View/Engines/CompilerEngine->get('C://Users//ceron//...', Array)
#3 C:/Users/ceron/Downloads/OptiGest_Cadiliompa_PostgreSQL/optigest/backend/vendor/laravel/framework/src/Illuminate/View/View.php(192): Illuminate/View/View->getContents()
#4 C:/Users/ceron/Downloads/OptiGest_Cadiliompa_PostgreSQL/optigest/backend/vendor/laravel/framework/src/Illuminate/View/View.php(161): Illuminate/View/View->renderContents()
#5 C:/Users/ceron/Downloads/OptiGest_Cadiliompa_PostgreSQL/optigest/backend/vendor/laravel/framework/src/Illuminate/Http/Response.php(79): Illuminate/View/View->render()
#6 C:/Users/ceron/Downloads/OptiGest_Cadiliompa_PostgreSQL/optigest/backend/vendor/laravel/framework/src/Illuminate/Http/Response.php(35): Illuminate/Http/Response->setContent(Object(Illuminate/View/View))
#7 C:/Users/ceron/Downloads/OptiGest_Cadiliompa_PostgreSQL/optigest/backend/vendor/laravel/framework/src/Illuminate/Routing/Router.php(920): Illuminate/Http/Response->__construct(Object(Illuminate/View/View), 200, Array)
#8 C:/Users/ceron/Downloads/OptiGest_Cadiliompa_PostgreSQL/optigest/backend/vendor/laravel/framework/src/Illuminate/Routing/Router.php(887): Illuminate/Routing/Router::toResponse(Object(Illuminate/Http/Request), Object(Illuminate/View/View))
#9 C:/Users/ceron/Downloads/OptiGest_Cadiliompa_PostgreSQL/optigest/backend/vendor/laravel/framework/src/Illuminate/Routing/Router.php(807): Illuminate/Routing/Router->prepareResponse(Object(Illuminate/Http/Request), Object(Illuminate/View/View))
#10 C:/Users/ceron/Downloads/OptiGest_Cadiliompa_PostgreSQL/optigest/backend/vendor/laravel/framework/src/Illuminate/Pipeline/Pipeline.php(170): Illuminate/Routing/Router->Illuminate/Routing/{closure}(Object(Illuminate/Http/Request))
#11 C:/Users/ceron/Downloads/OptiGest_Cadiliompa_PostgreSQL/optigest/backend/vendor/spatie/laravel-permission/src/Middleware/RoleMiddleware.php(37): Illuminate/Pipeline/Pipeline->Illuminate/Pipeline/{closure}(Object(Illuminate/Http/Request))
#12 C:/Users/ceron/Downloads/OptiGest_Cadiliompa_PostgreSQL/optigest/backend/vendor/laravel/framework/src/Illuminate/Pipeline/Pipeline.php(209): Spatie/Permission/Middleware/RoleMiddleware->handle(Object(Illuminate/Http/Request), Object(Closure), 'administrador|c...')
#13 C:/Users/ceron/Downloads/OptiGest_Cadiliompa_PostgreSQL/optigest/backend/vendor/laravel/framework/src/Illuminate/Auth/Middleware/EnsureEmailIsVerified.php(41): Illuminate/Pipeline/Pipeline->Illuminate/Pipeline/{closure}(Object(Illuminate/Http/Request))
#14 C:/Users/ceron/Downloads/OptiGest_Cadiliompa_PostgreSQL/optigest/backend/vendor/laravel/framework/src/Illuminate/Pipeline/Pipeline.php(209): Illuminate/Auth/Middleware/EnsureEmailIsVerified->handle(Object(Illuminate/Http/Request), Object(Closure))
#15 C:/Users/ceron/Downloads/OptiGest_Cadiliompa_PostgreSQL/optigest/backend/vendor/laravel/framework/src/Illuminate/Routing/Middleware/SubstituteBindings.php(51): Illuminate/Pipeline/Pipeline->Illuminate/Pipeline/{closure}(Object(Illuminate/Http/Request))
#16 C:/Users/ceron/Downloads/OptiGest_Cadiliompa_PostgreSQL/optigest/backend/vendor/laravel/framework/src/Illuminate/Pipeline/Pipeline.php(209): Illuminate/Routing/Middleware/SubstituteBindings->handle(Object(Illuminate/Http/Request), Object(Closure))
#17 C:/Users/ceron/Downloads/OptiGest_Cadiliompa_PostgreSQL/optigest/backend/vendor/laravel/framework/src/Illuminate/Auth/Middleware/Authenticate.php(64): Illuminate/Pipeline/Pipeline->Illuminate/Pipeline/{closure}(Object(Illuminate/Http/Request))
#18 C:/Users/ceron/Downloads/OptiGest_Cadiliompa_PostgreSQL/optigest/backend/vendor/laravel/framework/src/Illuminate/Pipeline/Pipeline.php(209): Illuminate/Auth/Middleware/Authenticate->handle(Object(Illuminate/Http/Request), Object(Closure))
#19 C:/Users/ceron/Downloads/OptiGest_Cadiliompa_PostgreSQL/optigest/backend/vendor/laravel/framework/src/Illuminate/Foundation/Http/Middleware/VerifyCsrfToken.php(88): Illuminate/Pipeline/Pipeline->Illuminate/Pipeline/{closure}(Object(Illuminate/Http/Request))
#20 C:/Users/ceron/Downloads/OptiGest_Cadiliompa_PostgreSQL/optigest/backend/vendor/laravel/framework/src/Illuminate/Pipeline/Pipeline.php(209): Illuminate/Foundation/Http/Middleware/VerifyCsrfToken->handle(Object(Illuminate/Http/Request), Object(Closure))
#21 C:/Users/ceron/Downloads/OptiGest_Cadiliompa_PostgreSQL/optigest/backend/vendor/laravel/framework/src/Illuminate/View/Middleware/ShareErrorsFromSession.php(49): Illuminate/Pipeline/Pipeline->Illuminate/Pipeline/{closure}(Object(Illuminate/Http/Request))
#22 C:/Users/ceron/Downloads/OptiGest_Cadiliompa_PostgreSQL/optigest/backend/vendor/laravel/framework/src/Illuminate/Pipeline/Pipeline.php(209): Illuminate/View/Middleware/ShareErrorsFromSession->handle(Object(Illuminate/Http/Request), Object(Closure))
#23 C:/Users/ceron/Downloads/OptiGest_Cadiliompa_PostgreSQL/optigest/backend/vendor/laravel/framework/src/Illuminate/Session/Middleware/StartSession.php(121): Illuminate/Pipeline/Pipeline->Illuminate/Pipeline/{closure}(Object(Illuminate/Http/Request))
#24 C:/Users/ceron/Downloads/OptiGest_Cadiliompa_PostgreSQL/optigest/backend/vendor/laravel/framework/src/Illuminate/Session/Middleware/StartSession.php(64): Illuminate/Session/Middleware/StartSession->handleStatefulRequest(Object(Illuminate/Http/Request), Object(Illuminate/Session/Store), Object(Closure))
#25 C:/Users/ceron/Downloads/OptiGest_Cadiliompa_PostgreSQL/optigest/backend/vendor/laravel/framework/src/Illuminate/Pipeline/Pipeline.php(209): Illuminate/Session/Middleware/StartSession->handle(Object(Illuminate/Http/Request), Object(Closure))
#26 C:/Users/ceron/Downloads/OptiGest_Cadiliompa_PostgreSQL/optigest/backend/vendor/laravel/framework/src/Illuminate/Cookie/Middleware/AddQueuedCookiesToResponse.php(37): Illuminate/Pipeline/Pipeline->Illuminate/Pipeline/{closure}(Object(Illuminate/Http/Request))
#27 C:/Users/ceron/Downloads/OptiGest_Cadiliompa_PostgreSQL/optigest/backend/vendor/laravel/framework/src/Illuminate/Pipeline/Pipeline.php(209): Illuminate/Cookie/Middleware/AddQueuedCookiesToResponse->handle(Object(Illuminate/Http/Request), Object(Closure))
#28 C:/Users/ceron/Downloads/OptiGest_Cadiliompa_PostgreSQL/optigest/backend/vendor/laravel/framework/src/Illuminate/Cookie/Middleware/EncryptCookies.php(75): Illuminate/Pipeline/Pipeline->Illuminate/Pipeline/{closure}(Object(Illuminate/Http/Request))
#29 C:/Users/ceron/Downloads/OptiGest_Cadiliompa_PostgreSQL/optigest/backend/vendor/laravel/framework/src/Illuminate/Pipeline/Pipeline.php(209): Illuminate/Cookie/Middleware/EncryptCookies->handle(Object(Illuminate/Http/Request), Object(Closure))
#30 C:/Users/ceron/Downloads/OptiGest_Cadiliompa_PostgreSQL/optigest/backend/vendor/laravel/framework/src/Illuminate/Pipeline/Pipeline.php(127): Illuminate/Pipeline/Pipeline->Illuminate/Pipeline/{closure}(Object(Illuminate/Http/Request))
#31 C:/Users/ceron/Downloads/OptiGest_Cadiliompa_PostgreSQL/optigest/backend/vendor/laravel/framework/src/Illuminate/Routing/Router.php(807): Illuminate/Pipeline/Pipeline->then(Object(Closure))
#32 C:/Users/ceron/Downloads/OptiGest_Cadiliompa_PostgreSQL/optigest/backend/vendor/laravel/framework/src/Illuminate/Routing/Router.php(786): Illuminate/Routing/Router->runRouteWithinStack(Object(Illuminate/Routing/Route), Object(Illuminate/Http/Request))
#33 C:/Users/ceron/Downloads/OptiGest_Cadiliompa_PostgreSQL/optigest/backend/vendor/laravel/framework/src/Illuminate/Routing/Router.php(750): Illuminate/Routing/Router->runRoute(Object(Illuminate/Http/Request), Object(Illuminate/Routing/Route))
#34 C:/Users/ceron/Downloads/OptiGest_Cadiliompa_PostgreSQL/optigest/backend/vendor/laravel/framework/src/Illuminate/Routing/Router.php(739): Illuminate/Routing/Router->dispatchToRoute(Object(Illuminate/Http/Request))
#35 C:/Users/ceron/Downloads/OptiGest_Cadiliompa_PostgreSQL/optigest/backend/vendor/laravel/framework/src/Illuminate/Foundation/Http/Kernel.php(201): Illuminate/Routing/Router->dispatch(Object(Illuminate/Http/Request))
#36 C:/Users/ceron/Downloads/OptiGest_Cadiliompa_PostgreSQL/optigest/backend/vendor/laravel/framework/src/Illuminate/Pipeline/Pipeline.php(170): Illuminate/Foundation/Http/Kernel->Illuminate/Foundation/Http/{closure}(Object(Illuminate/Http/Request))
#37 C:/Users/ceron/Downloads/OptiGest_Cadiliompa_PostgreSQL/optigest/backend/vendor/laravel/framework/src/Illuminate/Foundation/Http/Middleware/TransformsRequest.php(21): Illuminate/Pipeline/Pipeline->Illuminate/Pipeline/{closure}(Object(Illuminate/Http/Request))
#38 C:/Users/ceron/Downloads/OptiGest_Cadiliompa_PostgreSQL/optigest/backend/vendor/laravel/framework/src/Illuminate/Foundation/Http/Middleware/ConvertEmptyStringsToNull.php(31): Illuminate/Foundation/Http/Middleware/TransformsRequest->handle(Object(Illuminate/Http/Request), Object(Closure))
#39 C:/Users/ceron/Downloads/OptiGest_Cadiliompa_PostgreSQL/optigest/backend/vendor/laravel/framework/src/Illuminate/Pipeline/Pipeline.php(209): Illuminate/Foundation/Http/Middleware/ConvertEmptyStringsToNull->handle(Object(Illuminate/Http/Request), Object(Closure))
#40 C:/Users/ceron/Downloads/OptiGest_Cadiliompa_PostgreSQL/optigest/backend/vendor/laravel/framework/src/Illuminate/Foundation/Http/Middleware/TransformsRequest.php(21): Illuminate/Pipeline/Pipeline->Illuminate/Pipeline/{closure}(Object(Illuminate/Http/Request))
#41 C:/Users/ceron/Downloads/OptiGest_Cadiliompa_PostgreSQL/optigest/backend/vendor/laravel/framework/src/Illuminate/Foundation/Http/Middleware/TrimStrings.php(51): Illuminate/Foundation/Http/Middleware/TransformsRequest->handle(Object(Illuminate/Http/Request), Object(Closure))
#42 C:/Users/ceron/Downloads/OptiGest_Cadiliompa_PostgreSQL/optigest/backend/vendor/laravel/framework/src/Illuminate/Pipeline/Pipeline.php(209): Illuminate/Foundation/Http/Middleware/TrimStrings->handle(Object(Illuminate/Http/Request), Object(Closure))
#43 C:/Users/ceron/Downloads/OptiGest_Cadiliompa_PostgreSQL/optigest/backend/vendor/laravel/framework/src/Illuminate/Http/Middleware/ValidatePostSize.php(27): Illuminate/Pipeline/Pipeline->Illuminate/Pipeline/{closure}(Object(Illuminate/Http/Request))
#44 C:/Users/ceron/Downloads/OptiGest_Cadiliompa_PostgreSQL/optigest/backend/vendor/laravel/framework/src/Illuminate/Pipeline/Pipeline.php(209): Illuminate/Http/Middleware/ValidatePostSize->handle(Object(Illuminate/Http/Request), Object(Closure))
#45 C:/Users/ceron/Downloads/OptiGest_Cadiliompa_PostgreSQL/optigest/backend/vendor/laravel/framework/src/Illuminate/Foundation/Http/Middleware/PreventRequestsDuringMaintenance.php(110): Illuminate/Pipeline/Pipeline->Illuminate/Pipeline/{closure}(Object(Illuminate/Http/Request))
#46 C:/Users/ceron/Downloads/OptiGest_Cadiliompa_PostgreSQL/optigest/backend/vendor/laravel/framework/src/Illuminate/Pipeline/Pipeline.php(209): Illuminate/Foundation/Http/Middleware/PreventRequestsDuringMaintenance->handle(Object(Illuminate/Http/Request), Object(Closure))
#47 C:/Users/ceron/Downloads/OptiGest_Cadiliompa_PostgreSQL/optigest/backend/vendor/laravel/framework/src/Illuminate/Http/Middleware/HandleCors.php(49): Illuminate/Pipeline/Pipeline->Illuminate/Pipeline/{closure}(Object(Illuminate/Http/Request))
#48 C:/Users/ceron/Downloads/OptiGest_Cadiliompa_PostgreSQL/optigest/backend/vendor/laravel/framework/src/Illuminate/Pipeline/Pipeline.php(209): Illuminate/Http/Middleware/HandleCors->handle(Object(Illuminate/Http/Request), Object(Closure))
#49 C:/Users/ceron/Downloads/OptiGest_Cadiliompa_PostgreSQL/optigest/backend/vendor/laravel/framework/src/Illuminate/Http/Middleware/TrustProxies.php(58): Illuminate/Pipeline/Pipeline->Illuminate/Pipeline/{closure}(Object(Illuminate/Http/Request))
#50 C:/Users/ceron/Downloads/OptiGest_Cadiliompa_PostgreSQL/optigest/backend/vendor/laravel/framework/src/Illuminate/Pipeline/Pipeline.php(209): Illuminate/Http/Middleware/TrustProxies->handle(Object(Illuminate/Http/Request), Object(Closure))
#51 C:/Users/ceron/Downloads/OptiGest_Cadiliompa_PostgreSQL/optigest/backend/vendor/laravel/framework/src/Illuminate/Foundation/Http/Middleware/InvokeDeferredCallbacks.php(22): Illuminate/Pipeline/Pipeline->Illuminate/Pipeline/{closure}(Object(Illuminate/Http/Request))
#52 C:/Users/ceron/Downloads/OptiGest_Cadiliompa_PostgreSQL/optigest/backend/vendor/laravel/framework/src/Illuminate/Pipeline/Pipeline.php(209): Illuminate/Foundation/Http/Middleware/InvokeDeferredCallbacks->handle(Object(Illuminate/Http/Request), Object(Closure))
#53 C:/Users/ceron/Downloads/OptiGest_Cadiliompa_PostgreSQL/optigest/backend/vendor/laravel/framework/src/Illuminate/Pipeline/Pipeline.php(127): Illuminate/Pipeline/Pipeline->Illuminate/Pipeline/{closure}(Object(Illuminate/Http/Request))
#54 C:/Users/ceron/Downloads/OptiGest_Cadiliompa_PostgreSQL/optigest/backend/vendor/laravel/framework/src/Illuminate/Foundation/Http/Kernel.php(176): Illuminate/Pipeline/Pipeline->then(Object(Closure))
#55 C:/Users/ceron/Downloads/OptiGest_Cadiliompa_PostgreSQL/optigest/backend/vendor/laravel/framework/src/Illuminate/Foundation/Http/Kernel.php(145): Illuminate/Foundation/Http/Kernel->sendRequestThroughRouter(Object(Illuminate/Http/Request))
#56 C:/Users/ceron/Downloads/OptiGest_Cadiliompa_PostgreSQL/optigest/backend/vendor/laravel/framework/src/Illuminate/Foundation/Application.php(1220): Illuminate/Foundation/Http/Kernel->handle(Object(Illuminate/Http/Request))
#57 C:/Users/ceron/Downloads/OptiGest_Cadiliompa_PostgreSQL/optigest/backend/public/index.php(15): Illuminate/Foundation/Application->handleRequest(Object(Illuminate/Http/Request))
#58 C:/Users/ceron/Downloads/OptiGest_Cadiliompa_PostgreSQL/optigest/backend/vendor/laravel/framework/src/Illuminate/Foundation/resources/server.php(23): require_once('C://Users//ceron//...')
#59 {main}

[previous exception] [object] (Illuminate\\Routing\\Exceptions\\UrlGenerationException(code: 0): Missing required parameter for [Route: cotizaciones.pdf] [URI: cotizaciones/{cotizacion}/pdf] [Missing parameter: cotizacion]. at C:/Users/ceron/Downloads/OptiGest_Cadiliompa_PostgreSQL/optigest/backend/vendor/laravel/framework/src/Illuminate/Routing/Exceptions/UrlGenerationException.php:35)
[stacktrace]
#0 C:/Users/ceron/Downloads/OptiGest_Cadiliompa_PostgreSQL/optigest/backend/vendor/laravel/framework/src/Illuminate/Routing/RouteUrlGenerator.php(90): Illuminate/Routing/Exceptions/UrlGenerationException::forMissingParameters(Object(Illuminate/Routing/Route), Array)
#1 C:/Users/ceron/Downloads/OptiGest_Cadiliompa_PostgreSQL/optigest/backend/vendor/laravel/framework/src/Illuminate/Routing/UrlGenerator.php(544): Illuminate/Routing/RouteUrlGenerator->to(Object(Illuminate/Routing/Route), Array, true)
#2 C:/Users/ceron/Downloads/OptiGest_Cadiliompa_PostgreSQL/optigest/backend/vendor/laravel/framework/src/Illuminate/Routing/UrlGenerator.php(509): Illuminate/Routing/UrlGenerator->toRoute(Object(Illuminate/Routing/Route), Array, true)
#3 C:/Users/ceron/Downloads/OptiGest_Cadiliompa_PostgreSQL/optigest/backend/vendor/laravel/framework/src/Illuminate/Foundation/helpers.php(853): Illuminate/Routing/UrlGenerator->route('cotizaciones.pd...', Object(App/Models/Cotizacion), true)
#4 C:/Users/ceron/Downloads/OptiGest_Cadiliompa_PostgreSQL/optigest/backend/storage/framework/views/b57c1bc46eefca1039ad3466833aea97.php(6): route('cotizaciones.pd...', Object(App/Models/Cotizacion))
#5 C:/Users/ceron/Downloads/OptiGest_Cadiliompa_PostgreSQL/optigest/backend/vendor/laravel/framework/src/Illuminate/Filesystem/Filesystem.php(123): require('C://Users//ceron//...')
#6 C:/Users/ceron/Downloads/OptiGest_Cadiliompa_PostgreSQL/optigest/backend/vendor/laravel/framework/src/Illuminate/Filesystem/Filesystem.php(124): Illuminate/Filesystem/Filesystem::Illuminate/Filesystem/{closure}()
#7 C:/Users/ceron/Downloads/OptiGest_Cadiliompa_PostgreSQL/optigest/backend/vendor/laravel/framework/src/Illuminate/View/Engines/PhpEngine.php(58): Illuminate/Filesystem/Filesystem->getRequire('C://Users//ceron//...', Array)
#8 C:/Users/ceron/Downloads/OptiGest_Cadiliompa_PostgreSQL/optigest/backend/vendor/laravel/framework/src/Illuminate/View/Engines/CompilerEngine.php(75): Illuminate/View/Engines/PhpEngine->evaluatePath('C://Users//ceron//...', Array)
#9 C:/Users/ceron/Downloads/OptiGest_Cadiliompa_PostgreSQL/optigest/backend/vendor/laravel/framework/src/Illuminate/View/View.php(209): Illuminate/View/Engines/CompilerEngine->get('C://Users//ceron//...', Array)
#10 C:/Users/ceron/Downloads/OptiGest_Cadiliompa_PostgreSQL/optigest/backend/vendor/laravel/framework/src/Illuminate/View/View.php(192): Illuminate/View/View->getContents()
#11 C:/Users/ceron/Downloads/OptiGest_Cadiliompa_PostgreSQL/optigest/backend/vendor/laravel/framework/src/Illuminate/View/View.php(161): Illuminate/View/View->renderContents()
#12 C:/Users/ceron/Downloads/OptiGest_Cadiliompa_PostgreSQL/optigest/backend/vendor/laravel/framework/src/Illuminate/Http/Response.php(79): Illuminate/View/View->render()
#13 C:/Users/ceron/Downloads/OptiGest_Cadiliompa_PostgreSQL/optigest/backend/vendor/laravel/framework/src/Illuminate/Http/Response.php(35): Illuminate/Http/Response->setContent(Object(Illuminate/View/View))
#14 C:/Users/ceron/Downloads/OptiGest_Cadiliompa_PostgreSQL/optigest/backend/vendor/laravel/framework/src/Illuminate/Routing/Router.php(920): Illuminate/Http/Response->__construct(Object(Illuminate/View/View), 200, Array)
#15 C:/Users/ceron/Downloads/OptiGest_Cadiliompa_PostgreSQL/optigest/backend/vendor/laravel/framework/src/Illuminate/Routing/Router.php(887): Illuminate/Routing/Router::toResponse(Object(Illuminate/Http/Request), Object(Illuminate/View/View))
#16 C:/Users/ceron/Downloads/OptiGest_Cadiliompa_PostgreSQL/optigest/backend/vendor/laravel/framework/src/Illuminate/Routing/Router.php(807): Illuminate/Routing/Router->prepareResponse(Object(Illuminate/Http/Request), Object(Illuminate/View/View))
#17 C:/Users/ceron/Downloads/OptiGest_Cadiliompa_PostgreSQL/optigest/backend/vendor/laravel/framework/src/Illuminate/Pipeline/Pipeline.php(170): Illuminate/Routing/Router->Illuminate/Routing/{closure}(Object(Illuminate/Http/Request))
#18 C:/Users/ceron/Downloads/OptiGest_Cadiliompa_PostgreSQL/optigest/backend/vendor/spatie/laravel-permission/src/Middleware/RoleMiddleware.php(37): Illuminate/Pipeline/Pipeline->Illuminate/Pipeline/{closure}(Object(Illuminate/Http/Request))
#19 C:/Users/ceron/Downloads/OptiGest_Cadiliompa_PostgreSQL/optigest/backend/vendor/laravel/framework/src/Illuminate/Pipeline/Pipeline.php(209): Spatie/Permission/Middleware/RoleMiddleware->handle(Object(Illuminate/Http/Request), Object(Closure), 'administrador|c...')
#20 C:/Users/ceron/Downloads/OptiGest_Cadiliompa_PostgreSQL/optigest/backend/vendor/laravel/framework/src/Illuminate/Auth/Middleware/EnsureEmailIsVerified.php(41): Illuminate/Pipeline/Pipeline->Illuminate/Pipeline/{closure}(Object(Illuminate/Http/Request))
#21 C:/Users/ceron/Downloads/OptiGest_Cadiliompa_PostgreSQL/optigest/backend/vendor/laravel/framework/src/Illuminate/Pipeline/Pipeline.php(209): Illuminate/Auth/Middleware/EnsureEmailIsVerified->handle(Object(Illuminate/Http/Request), Object(Closure))
#22 C:/Users/ceron/Downloads/OptiGest_Cadiliompa_PostgreSQL/optigest/backend/vendor/laravel/framework/src/Illuminate/Routing/Middleware/SubstituteBindings.php(51): Illuminate/Pipeline/Pipeline->Illuminate/Pipeline/{closure}(Object(Illuminate/Http/Request))
#23 C:/Users/ceron/Downloads/OptiGest_Cadiliompa_PostgreSQL/optigest/backend/vendor/laravel/framework/src/Illuminate/Pipeline/Pipeline.php(209): Illuminate/Routing/Middleware/SubstituteBindings->handle(Object(Illuminate/Http/Request), Object(Closure))
#24 C:/Users/ceron/Downloads/OptiGest_Cadiliompa_PostgreSQL/optigest/backend/vendor/laravel/framework/src/Illuminate/Auth/Middleware/Authenticate.php(64): Illuminate/Pipeline/Pipeline->Illuminate/Pipeline/{closure}(Object(Illuminate/Http/Request))
#25 C:/Users/ceron/Downloads/OptiGest_Cadiliompa_PostgreSQL/optigest/backend/vendor/laravel/framework/src/Illuminate/Pipeline/Pipeline.php(209): Illuminate/Auth/Middleware/Authenticate->handle(Object(Illuminate/Http/Request), Object(Closure))
#26 C:/Users/ceron/Downloads/OptiGest_Cadiliompa_PostgreSQL/optigest/backend/vendor/laravel/framework/src/Illuminate/Foundation/Http/Middleware/VerifyCsrfToken.php(88): Illuminate/Pipeline/Pipeline->Illuminate/Pipeline/{closure}(Object(Illuminate/Http/Request))
#27 C:/Users/ceron/Downloads/OptiGest_Cadiliompa_PostgreSQL/optigest/backend/vendor/laravel/framework/src/Illuminate/Pipeline/Pipeline.php(209): Illuminate/Foundation/Http/Middleware/VerifyCsrfToken->handle(Object(Illuminate/Http/Request), Object(Closure))
#28 C:/Users/ceron/Downloads/OptiGest_Cadiliompa_PostgreSQL/optigest/backend/vendor/laravel/framework/src/Illuminate/View/Middleware/ShareErrorsFromSession.php(49): Illuminate/Pipeline/Pipeline->Illuminate/Pipeline/{closure}(Object(Illuminate/Http/Request))
#29 C:/Users/ceron/Downloads/OptiGest_Cadiliompa_PostgreSQL/optigest/backend/vendor/laravel/framework/src/Illuminate/Pipeline/Pipeline.php(209): Illuminate/View/Middleware/ShareErrorsFromSession->handle(Object(Illuminate/Http/Request), Object(Closure))
#30 C:/Users/ceron/Downloads/OptiGest_Cadiliompa_PostgreSQL/optigest/backend/vendor/laravel/framework/src/Illuminate/Session/Middleware/StartSession.php(121): Illuminate/Pipeline/Pipeline->Illuminate/Pipeline/{closure}(Object(Illuminate/Http/Request))
#31 C:/Users/ceron/Downloads/OptiGest_Cadiliompa_PostgreSQL/optigest/backend/vendor/laravel/framework/src/Illuminate/Session/Middleware/StartSession.php(64): Illuminate/Session/Middleware/StartSession->handleStatefulRequest(Object(Illuminate/Http/Request), Object(Illuminate/Session/Store), Object(Closure))
#32 C:/Users/ceron/Downloads/OptiGest_Cadiliompa_PostgreSQL/optigest/backend/vendor/laravel/framework/src/Illuminate/Pipeline/Pipeline.php(209): Illuminate/Session/Middleware/StartSession->handle(Object(Illuminate/Http/Request), Object(Closure))
#33 C:/Users/ceron/Downloads/OptiGest_Cadiliompa_PostgreSQL/optigest/backend/vendor/laravel/framework/src/Illuminate/Cookie/Middleware/AddQueuedCookiesToResponse.php(37): Illuminate/Pipeline/Pipeline->Illuminate/Pipeline/{closure}(Object(Illuminate/Http/Request))
#34 C:/Users/ceron/Downloads/OptiGest_Cadiliompa_PostgreSQL/optigest/backend/vendor/laravel/framework/src/Illuminate/Pipeline/Pipeline.php(209): Illuminate/Cookie/Middleware/AddQueuedCookiesToResponse->handle(Object(Illuminate/Http/Request), Object(Closure))
#35 C:/Users/ceron/Downloads/OptiGest_Cadiliompa_PostgreSQL/optigest/backend/vendor/laravel/framework/src/Illuminate/Cookie/Middleware/EncryptCookies.php(75): Illuminate/Pipeline/Pipeline->Illuminate/Pipeline/{closure}(Object(Illuminate/Http/Request))
#36 C:/Users/ceron/Downloads/OptiGest_Cadiliompa_PostgreSQL/optigest/backend/vendor/laravel/framework/src/Illuminate/Pipeline/Pipeline.php(209): Illuminate/Cookie/Middleware/EncryptCookies->handle(Object(Illuminate/Http/Request), Object(Closure))
#37 C:/Users/ceron/Downloads/OptiGest_Cadiliompa_PostgreSQL/optigest/backend/vendor/laravel/framework/src/Illuminate/Pipeline/Pipeline.php(127): Illuminate/Pipeline/Pipeline->Illuminate/Pipeline/{closure}(Object(Illuminate/Http/Request))
#38 C:/Users/ceron/Downloads/OptiGest_Cadiliompa_PostgreSQL/optigest/backend/vendor/laravel/framework/src/Illuminate/Routing/Router.php(807): Illuminate/Pipeline/Pipeline->then(Object(Closure))
#39 C:/Users/ceron/Downloads/OptiGest_Cadiliompa_PostgreSQL/optigest/backend/vendor/laravel/framework/src/Illuminate/Routing/Router.php(786): Illuminate/Routing/Router->runRouteWithinStack(Object(Illuminate/Routing/Route), Object(Illuminate/Http/Request))
#40 C:/Users/ceron/Downloads/OptiGest_Cadiliompa_PostgreSQL/optigest/backend/vendor/laravel/framework/src/Illuminate/Routing/Router.php(750): Illuminate/Routing/Router->runRoute(Object(Illuminate/Http/Request), Object(Illuminate/Routing/Route))
#41 C:/Users/ceron/Downloads/OptiGest_Cadiliompa_PostgreSQL/optigest/backend/vendor/laravel/framework/src/Illuminate/Routing/Router.php(739): Illuminate/Routing/Router->dispatchToRoute(Object(Illuminate/Http/Request))
#42 C:/Users/ceron/Downloads/OptiGest_Cadiliompa_PostgreSQL/optigest/backend/vendor/laravel/framework/src/Illuminate/Foundation/Http/Kernel.php(201): Illuminate/Routing/Router->dispatch(Object(Illuminate/Http/Request))
#43 C:/Users/ceron/Downloads/OptiGest_Cadiliompa_PostgreSQL/optigest/backend/vendor/laravel/framework/src/Illuminate/Pipeline/Pipeline.php(170): Illuminate/Foundation/Http/Kernel->Illuminate/Foundation/Http/{closure}(Object(Illuminate/Http/Request))
#44 C:/Users/ceron/Downloads/OptiGest_Cadiliompa_PostgreSQL/optigest/backend/vendor/laravel/framework/src/Illuminate/Foundation/Http/Middleware/TransformsRequest.php(21): Illuminate/Pipeline/Pipeline->Illuminate/Pipeline/{closure}(Object(Illuminate/Http/Request))
#45 C:/Users/ceron/Downloads/OptiGest_Cadiliompa_PostgreSQL/optigest/backend/vendor/laravel/framework/src/Illuminate/Foundation/Http/Middleware/ConvertEmptyStringsToNull.php(31): Illuminate/Foundation/Http/Middleware/TransformsRequest->handle(Object(Illuminate/Http/Request), Object(Closure))
#46 C:/Users/ceron/Downloads/OptiGest_Cadiliompa_PostgreSQL/optigest/backend/vendor/laravel/framework/src/Illuminate/Pipeline/Pipeline.php(209): Illuminate/Foundation/Http/Middleware/ConvertEmptyStringsToNull->handle(Object(Illuminate/Http/Request), Object(Closure))
#47 C:/Users/ceron/Downloads/OptiGest_Cadiliompa_PostgreSQL/optigest/backend/vendor/laravel/framework/src/Illuminate/Foundation/Http/Middleware/TransformsRequest.php(21): Illuminate/Pipeline/Pipeline->Illuminate/Pipeline/{closure}(Object(Illuminate/Http/Request))
#48 C:/Users/ceron/Downloads/OptiGest_Cadiliompa_PostgreSQL/optigest/backend/vendor/laravel/framework/src/Illuminate/Foundation/Http/Middleware/TrimStrings.php(51): Illuminate/Foundation/Http/Middleware/TransformsRequest->handle(Object(Illuminate/Http/Request), Object(Closure))
#49 C:/Users/ceron/Downloads/OptiGest_Cadiliompa_PostgreSQL/optigest/backend/vendor/laravel/framework/src/Illuminate/Pipeline/Pipeline.php(209): Illuminate/Foundation/Http/Middleware/TrimStrings->handle(Object(Illuminate/Http/Request), Object(Closure))
#50 C:/Users/ceron/Downloads/OptiGest_Cadiliompa_PostgreSQL/optigest/backend/vendor/laravel/framework/src/Illuminate/Http/Middleware/ValidatePostSize.php(27): Illuminate/Pipeline/Pipeline->Illuminate/Pipeline/{closure}(Object(Illuminate/Http/Request))
#51 C:/Users/ceron/Downloads/OptiGest_Cadiliompa_PostgreSQL/optigest/backend/vendor/laravel/framework/src/Illuminate/Pipeline/Pipeline.php(209): Illuminate/Http/Middleware/ValidatePostSize->handle(Object(Illuminate/Http/Request), Object(Closure))
#52 C:/Users/ceron/Downloads/OptiGest_Cadiliompa_PostgreSQL/optigest/backend/vendor/laravel/framework/src/Illuminate/Foundation/Http/Middleware/PreventRequestsDuringMaintenance.php(110): Illuminate/Pipeline/Pipeline->Illuminate/Pipeline/{closure}(Object(Illuminate/Http/Request))
#53 C:/Users/ceron/Downloads/OptiGest_Cadiliompa_PostgreSQL/optigest/backend/vendor/laravel/framework/src/Illuminate/Pipeline/Pipeline.php(209): Illuminate/Foundation/Http/Middleware/PreventRequestsDuringMaintenance->handle(Object(Illuminate/Http/Request), Object(Closure))
#54 C:/Users/ceron/Downloads/OptiGest_Cadiliompa_PostgreSQL/optigest/backend/vendor/laravel/framework/src/Illuminate/Http/Middleware/HandleCors.php(49): Illuminate/Pipeline/Pipeline->Illuminate/Pipeline/{closure}(Object(Illuminate/Http/Request))
#55 C:/Users/ceron/Downloads/OptiGest_Cadiliompa_PostgreSQL/optigest/backend/vendor/laravel/framework/src/Illuminate/Pipeline/Pipeline.php(209): Illuminate/Http/Middleware/HandleCors->handle(Object(Illuminate/Http/Request), Object(Closure))
#56 C:/Users/ceron/Downloads/OptiGest_Cadiliompa_PostgreSQL/optigest/backend/vendor/laravel/framework/src/Illuminate/Http/Middleware/TrustProxies.php(58): Illuminate/Pipeline/Pipeline->Illuminate/Pipeline/{closure}(Object(Illuminate/Http/Request))
#57 C:/Users/ceron/Downloads/OptiGest_Cadiliompa_PostgreSQL/optigest/backend/vendor/laravel/framework/src/Illuminate/Pipeline/Pipeline.php(209): Illuminate/Http/Middleware/TrustProxies->handle(Object(Illuminate/Http/Request), Object(Closure))
#58 C:/Users/ceron/Downloads/OptiGest_Cadiliompa_PostgreSQL/optigest/backend/vendor/laravel/framework/src/Illuminate/Foundation/Http/Middleware/InvokeDeferredCallbacks.php(22): Illuminate/Pipeline/Pipeline->Illuminate/Pipeline/{closure}(Object(Illuminate/Http/Request))
#59 C:/Users/ceron/Downloads/OptiGest_Cadiliompa_PostgreSQL/optigest/backend/vendor/laravel/framework/src/Illuminate/Pipeline/Pipeline.php(209): Illuminate/Foundation/Http/Middleware/InvokeDeferredCallbacks->handle(Object(Illuminate/Http/Request), Object(Closure))
#60 C:/Users/ceron/Downloads/OptiGest_Cadiliompa_PostgreSQL/optigest/backend/vendor/laravel/framework/src/Illuminate/Pipeline/Pipeline.php(127): Illuminate/Pipeline/Pipeline->Illuminate/Pipeline/{closure}(Object(Illuminate/Http/Request))
#61 C:/Users/ceron/Downloads/OptiGest_Cadiliompa_PostgreSQL/optigest/backend/vendor/laravel/framework/src/Illuminate/Foundation/Http/Kernel.php(176): Illuminate/Pipeline/Pipeline->then(Object(Closure))
#62 C:/Users/ceron/Downloads/OptiGest_Cadiliompa_PostgreSQL/optigest/backend/vendor/laravel/framework/src/Illuminate/Foundation/Http/Kernel.php(145): Illuminate/Foundation/Http/Kernel->sendRequestThroughRouter(Object(Illuminate/Http/Request))
#63 C:/Users/ceron/Downloads/OptiGest_Cadiliompa_PostgreSQL/optigest/backend/vendor/laravel/framework/src/Illuminate/Foundation/Application.php(1220): Illuminate/Foundation/Http/Kernel->handle(Object(Illuminate/Http/Request))
#64 C:/Users/ceron/Downloads/OptiGest_Cadiliompa_PostgreSQL/optigest/backend/public/index.php(15): Illuminate/Foundation/Application->handleRequest(Object(Illuminate/Http/Request))
#65 C:/Users/ceron/Downloads/OptiGest_Cadiliompa_PostgreSQL/optigest/backend/vendor/laravel/framework/src/Illuminate/Foundation/resources/server.php(23): require_once('C://Users//ceron//...')
#66 {main}
"} 
[2026-07-21 19:14:27] local.ERROR: Missing required parameter for [Route: cotizaciones.pdf] [URI: cotizaciones/{cotizacion}/pdf] [Missing parameter: cotizacion]. (View: C:\Users\ceron\Downloads\OptiGest_Cadiliompa_PostgreSQL\optigest\backend\resources\views\cotizaciones\show.blade.php) {"userId":3,"exception":"[object] (Illuminate\\View\\ViewException(code: 0): Missing required parameter for [Route: cotizaciones.pdf] [URI: cotizaciones/{cotizacion}/pdf] [Missing parameter: cotizacion]. (View: C:\\Users\\ceron\\Downloads\\OptiGest_Cadiliompa_PostgreSQL\\optigest\\backend\\resources\\views\\cotizaciones\\show.blade.php) at C:/Users/ceron/Downloads/OptiGest_Cadiliompa_PostgreSQL/optigest/backend/vendor/laravel/framework/src/Illuminate/Routing/Exceptions/UrlGenerationException.php:35)
[stacktrace]
#0 C:/Users/ceron/Downloads/OptiGest_Cadiliompa_PostgreSQL/optigest/backend/vendor/laravel/framework/src/Illuminate/View/Engines/PhpEngine.php(60): Illuminate/View/Engines/CompilerEngine->handleViewException(Object(Illuminate/Routing/Exceptions/UrlGenerationException), 1)
#1 C:/Users/ceron/Downloads/OptiGest_Cadiliompa_PostgreSQL/optigest/backend/vendor/laravel/framework/src/Illuminate/View/Engines/CompilerEngine.php(75): Illuminate/View/Engines/PhpEngine->evaluatePath('C://Users//ceron//...', Array)
#2 C:/Users/ceron/Downloads/OptiGest_Cadiliompa_PostgreSQL/optigest/backend/vendor/laravel/framework/src/Illuminate/View/View.php(209): Illuminate/View/Engines/CompilerEngine->get('C://Users//ceron//...', Array)
#3 C:/Users/ceron/Downloads/OptiGest_Cadiliompa_PostgreSQL/optigest/backend/vendor/laravel/framework/src/Illuminate/View/View.php(192): Illuminate/View/View->getContents()
#4 C:/Users/ceron/Downloads/OptiGest_Cadiliompa_PostgreSQL/optigest/backend/vendor/laravel/framework/src/Illuminate/View/View.php(161): Illuminate/View/View->renderContents()
#5 C:/Users/ceron/Downloads/OptiGest_Cadiliompa_PostgreSQL/optigest/backend/vendor/laravel/framework/src/Illuminate/Http/Response.php(79): Illuminate/View/View->render()
#6 C:/Users/ceron/Downloads/OptiGest_Cadiliompa_PostgreSQL/optigest/backend/vendor/laravel/framework/src/Illuminate/Http/Response.php(35): Illuminate/Http/Response->setContent(Object(Illuminate/View/View))
#7 C:/Users/ceron/Downloads/OptiGest_Cadiliompa_PostgreSQL/optigest/backend/vendor/laravel/framework/src/Illuminate/Routing/Router.php(920): Illuminate/Http/Response->__construct(Object(Illuminate/View/View), 200, Array)
#8 C:/Users/ceron/Downloads/OptiGest_Cadiliompa_PostgreSQL/optigest/backend/vendor/laravel/framework/src/Illuminate/Routing/Router.php(887): Illuminate/Routing/Router::toResponse(Object(Illuminate/Http/Request), Object(Illuminate/View/View))
#9 C:/Users/ceron/Downloads/OptiGest_Cadiliompa_PostgreSQL/optigest/backend/vendor/laravel/framework/src/Illuminate/Routing/Router.php(807): Illuminate/Routing/Router->prepareResponse(Object(Illuminate/Http/Request), Object(Illuminate/View/View))
#10 C:/Users/ceron/Downloads/OptiGest_Cadiliompa_PostgreSQL/optigest/backend/vendor/laravel/framework/src/Illuminate/Pipeline/Pipeline.php(170): Illuminate/Routing/Router->Illuminate/Routing/{closure}(Object(Illuminate/Http/Request))
#11 C:/Users/ceron/Downloads/OptiGest_Cadiliompa_PostgreSQL/optigest/backend/vendor/spatie/laravel-permission/src/Middleware/RoleMiddleware.php(37): Illuminate/Pipeline/Pipeline->Illuminate/Pipeline/{closure}(Object(Illuminate/Http/Request))
#12 C:/Users/ceron/Downloads/OptiGest_Cadiliompa_PostgreSQL/optigest/backend/vendor/laravel/framework/src/Illuminate/Pipeline/Pipeline.php(209): Spatie/Permission/Middleware/RoleMiddleware->handle(Object(Illuminate/Http/Request), Object(Closure), 'administrador|c...')
#13 C:/Users/ceron/Downloads/OptiGest_Cadiliompa_PostgreSQL/optigest/backend/vendor/laravel/framework/src/Illuminate/Auth/Middleware/EnsureEmailIsVerified.php(41): Illuminate/Pipeline/Pipeline->Illuminate/Pipeline/{closure}(Object(Illuminate/Http/Request))
#14 C:/Users/ceron/Downloads/OptiGest_Cadiliompa_PostgreSQL/optigest/backend/vendor/laravel/framework/src/Illuminate/Pipeline/Pipeline.php(209): Illuminate/Auth/Middleware/EnsureEmailIsVerified->handle(Object(Illuminate/Http/Request), Object(Closure))
#15 C:/Users/ceron/Downloads/OptiGest_Cadiliompa_PostgreSQL/optigest/backend/vendor/laravel/framework/src/Illuminate/Routing/Middleware/SubstituteBindings.php(51): Illuminate/Pipeline/Pipeline->Illuminate/Pipeline/{closure}(Object(Illuminate/Http/Request))
#16 C:/Users/ceron/Downloads/OptiGest_Cadiliompa_PostgreSQL/optigest/backend/vendor/laravel/framework/src/Illuminate/Pipeline/Pipeline.php(209): Illuminate/Routing/Middleware/SubstituteBindings->handle(Object(Illuminate/Http/Request), Object(Closure))
#17 C:/Users/ceron/Downloads/OptiGest_Cadiliompa_PostgreSQL/optigest/backend/vendor/laravel/framework/src/Illuminate/Auth/Middleware/Authenticate.php(64): Illuminate/Pipeline/Pipeline->Illuminate/Pipeline/{closure}(Object(Illuminate/Http/Request))
#18 C:/Users/ceron/Downloads/OptiGest_Cadiliompa_PostgreSQL/optigest/backend/vendor/laravel/framework/src/Illuminate/Pipeline/Pipeline.php(209): Illuminate/Auth/Middleware/Authenticate->handle(Object(Illuminate/Http/Request), Object(Closure))
#19 C:/Users/ceron/Downloads/OptiGest_Cadiliompa_PostgreSQL/optigest/backend/vendor/laravel/framework/src/Illuminate/Foundation/Http/Middleware/VerifyCsrfToken.php(88): Illuminate/Pipeline/Pipeline->Illuminate/Pipeline/{closure}(Object(Illuminate/Http/Request))
#20 C:/Users/ceron/Downloads/OptiGest_Cadiliompa_PostgreSQL/optigest/backend/vendor/laravel/framework/src/Illuminate/Pipeline/Pipeline.php(209): Illuminate/Foundation/Http/Middleware/VerifyCsrfToken->handle(Object(Illuminate/Http/Request), Object(Closure))
#21 C:/Users/ceron/Downloads/OptiGest_Cadiliompa_PostgreSQL/optigest/backend/vendor/laravel/framework/src/Illuminate/View/Middleware/ShareErrorsFromSession.php(49): Illuminate/Pipeline/Pipeline->Illuminate/Pipeline/{closure}(Object(Illuminate/Http/Request))
#22 C:/Users/ceron/Downloads/OptiGest_Cadiliompa_PostgreSQL/optigest/backend/vendor/laravel/framework/src/Illuminate/Pipeline/Pipeline.php(209): Illuminate/View/Middleware/ShareErrorsFromSession->handle(Object(Illuminate/Http/Request), Object(Closure))
#23 C:/Users/ceron/Downloads/OptiGest_Cadiliompa_PostgreSQL/optigest/backend/vendor/laravel/framework/src/Illuminate/Session/Middleware/StartSession.php(121): Illuminate/Pipeline/Pipeline->Illuminate/Pipeline/{closure}(Object(Illuminate/Http/Request))
#24 C:/Users/ceron/Downloads/OptiGest_Cadiliompa_PostgreSQL/optigest/backend/vendor/laravel/framework/src/Illuminate/Session/Middleware/StartSession.php(64): Illuminate/Session/Middleware/StartSession->handleStatefulRequest(Object(Illuminate/Http/Request), Object(Illuminate/Session/Store), Object(Closure))
#25 C:/Users/ceron/Downloads/OptiGest_Cadiliompa_PostgreSQL/optigest/backend/vendor/laravel/framework/src/Illuminate/Pipeline/Pipeline.php(209): Illuminate/Session/Middleware/StartSession->handle(Object(Illuminate/Http/Request), Object(Closure))
#26 C:/Users/ceron/Downloads/OptiGest_Cadiliompa_PostgreSQL/optigest/backend/vendor/laravel/framework/src/Illuminate/Cookie/Middleware/AddQueuedCookiesToResponse.php(37): Illuminate/Pipeline/Pipeline->Illuminate/Pipeline/{closure}(Object(Illuminate/Http/Request))
#27 C:/Users/ceron/Downloads/OptiGest_Cadiliompa_PostgreSQL/optigest/backend/vendor/laravel/framework/src/Illuminate/Pipeline/Pipeline.php(209): Illuminate/Cookie/Middleware/AddQueuedCookiesToResponse->handle(Object(Illuminate/Http/Request), Object(Closure))
#28 C:/Users/ceron/Downloads/OptiGest_Cadiliompa_PostgreSQL/optigest/backend/vendor/laravel/framework/src/Illuminate/Cookie/Middleware/EncryptCookies.php(75): Illuminate/Pipeline/Pipeline->Illuminate/Pipeline/{closure}(Object(Illuminate/Http/Request))
#29 C:/Users/ceron/Downloads/OptiGest_Cadiliompa_PostgreSQL/optigest/backend/vendor/laravel/framework/src/Illuminate/Pipeline/Pipeline.php(209): Illuminate/Cookie/Middleware/EncryptCookies->handle(Object(Illuminate/Http/Request), Object(Closure))
#30 C:/Users/ceron/Downloads/OptiGest_Cadiliompa_PostgreSQL/optigest/backend/vendor/laravel/framework/src/Illuminate/Pipeline/Pipeline.php(127): Illuminate/Pipeline/Pipeline->Illuminate/Pipeline/{closure}(Object(Illuminate/Http/Request))
#31 C:/Users/ceron/Downloads/OptiGest_Cadiliompa_PostgreSQL/optigest/backend/vendor/laravel/framework/src/Illuminate/Routing/Router.php(807): Illuminate/Pipeline/Pipeline->then(Object(Closure))
#32 C:/Users/ceron/Downloads/OptiGest_Cadiliompa_PostgreSQL/optigest/backend/vendor/laravel/framework/src/Illuminate/Routing/Router.php(786): Illuminate/Routing/Router->runRouteWithinStack(Object(Illuminate/Routing/Route), Object(Illuminate/Http/Request))
#33 C:/Users/ceron/Downloads/OptiGest_Cadiliompa_PostgreSQL/optigest/backend/vendor/laravel/framework/src/Illuminate/Routing/Router.php(750): Illuminate/Routing/Router->runRoute(Object(Illuminate/Http/Request), Object(Illuminate/Routing/Route))
#34 C:/Users/ceron/Downloads/OptiGest_Cadiliompa_PostgreSQL/optigest/backend/vendor/laravel/framework/src/Illuminate/Routing/Router.php(739): Illuminate/Routing/Router->dispatchToRoute(Object(Illuminate/Http/Request))
#35 C:/Users/ceron/Downloads/OptiGest_Cadiliompa_PostgreSQL/optigest/backend/vendor/laravel/framework/src/Illuminate/Foundation/Http/Kernel.php(201): Illuminate/Routing/Router->dispatch(Object(Illuminate/Http/Request))
#36 C:/Users/ceron/Downloads/OptiGest_Cadiliompa_PostgreSQL/optigest/backend/vendor/laravel/framework/src/Illuminate/Pipeline/Pipeline.php(170): Illuminate/Foundation/Http/Kernel->Illuminate/Foundation/Http/{closure}(Object(Illuminate/Http/Request))
#37 C:/Users/ceron/Downloads/OptiGest_Cadiliompa_PostgreSQL/optigest/backend/vendor/laravel/framework/src/Illuminate/Foundation/Http/Middleware/TransformsRequest.php(21): Illuminate/Pipeline/Pipeline->Illuminate/Pipeline/{closure}(Object(Illuminate/Http/Request))
#38 C:/Users/ceron/Downloads/OptiGest_Cadiliompa_PostgreSQL/optigest/backend/vendor/laravel/framework/src/Illuminate/Foundation/Http/Middleware/ConvertEmptyStringsToNull.php(31): Illuminate/Foundation/Http/Middleware/TransformsRequest->handle(Object(Illuminate/Http/Request), Object(Closure))
#39 C:/Users/ceron/Downloads/OptiGest_Cadiliompa_PostgreSQL/optigest/backend/vendor/laravel/framework/src/Illuminate/Pipeline/Pipeline.php(209): Illuminate/Foundation/Http/Middleware/ConvertEmptyStringsToNull->handle(Object(Illuminate/Http/Request), Object(Closure))
#40 C:/Users/ceron/Downloads/OptiGest_Cadiliompa_PostgreSQL/optigest/backend/vendor/laravel/framework/src/Illuminate/Foundation/Http/Middleware/TransformsRequest.php(21): Illuminate/Pipeline/Pipeline->Illuminate/Pipeline/{closure}(Object(Illuminate/Http/Request))
#41 C:/Users/ceron/Downloads/OptiGest_Cadiliompa_PostgreSQL/optigest/backend/vendor/laravel/framework/src/Illuminate/Foundation/Http/Middleware/TrimStrings.php(51): Illuminate/Foundation/Http/Middleware/TransformsRequest->handle(Object(Illuminate/Http/Request), Object(Closure))
#42 C:/Users/ceron/Downloads/OptiGest_Cadiliompa_PostgreSQL/optigest/backend/vendor/laravel/framework/src/Illuminate/Pipeline/Pipeline.php(209): Illuminate/Foundation/Http/Middleware/TrimStrings->handle(Object(Illuminate/Http/Request), Object(Closure))
#43 C:/Users/ceron/Downloads/OptiGest_Cadiliompa_PostgreSQL/optigest/backend/vendor/laravel/framework/src/Illuminate/Http/Middleware/ValidatePostSize.php(27): Illuminate/Pipeline/Pipeline->Illuminate/Pipeline/{closure}(Object(Illuminate/Http/Request))
#44 C:/Users/ceron/Downloads/OptiGest_Cadiliompa_PostgreSQL/optigest/backend/vendor/laravel/framework/src/Illuminate/Pipeline/Pipeline.php(209): Illuminate/Http/Middleware/ValidatePostSize->handle(Object(Illuminate/Http/Request), Object(Closure))
#45 C:/Users/ceron/Downloads/OptiGest_Cadiliompa_PostgreSQL/optigest/backend/vendor/laravel/framework/src/Illuminate/Foundation/Http/Middleware/PreventRequestsDuringMaintenance.php(110): Illuminate/Pipeline/Pipeline->Illuminate/Pipeline/{closure}(Object(Illuminate/Http/Request))
#46 C:/Users/ceron/Downloads/OptiGest_Cadiliompa_PostgreSQL/optigest/backend/vendor/laravel/framework/src/Illuminate/Pipeline/Pipeline.php(209): Illuminate/Foundation/Http/Middleware/PreventRequestsDuringMaintenance->handle(Object(Illuminate/Http/Request), Object(Closure))
#47 C:/Users/ceron/Downloads/OptiGest_Cadiliompa_PostgreSQL/optigest/backend/vendor/laravel/framework/src/Illuminate/Http/Middleware/HandleCors.php(49): Illuminate/Pipeline/Pipeline->Illuminate/Pipeline/{closure}(Object(Illuminate/Http/Request))
#48 C:/Users/ceron/Downloads/OptiGest_Cadiliompa_PostgreSQL/optigest/backend/vendor/laravel/framework/src/Illuminate/Pipeline/Pipeline.php(209): Illuminate/Http/Middleware/HandleCors->handle(Object(Illuminate/Http/Request), Object(Closure))
#49 C:/Users/ceron/Downloads/OptiGest_Cadiliompa_PostgreSQL/optigest/backend/vendor/laravel/framework/src/Illuminate/Http/Middleware/TrustProxies.php(58): Illuminate/Pipeline/Pipeline->Illuminate/Pipeline/{closure}(Object(Illuminate/Http/Request))
#50 C:/Users/ceron/Downloads/OptiGest_Cadiliompa_PostgreSQL/optigest/backend/vendor/laravel/framework/src/Illuminate/Pipeline/Pipeline.php(209): Illuminate/Http/Middleware/TrustProxies->handle(Object(Illuminate/Http/Request), Object(Closure))
#51 C:/Users/ceron/Downloads/OptiGest_Cadiliompa_PostgreSQL/optigest/backend/vendor/laravel/framework/src/Illuminate/Foundation/Http/Middleware/InvokeDeferredCallbacks.php(22): Illuminate/Pipeline/Pipeline->Illuminate/Pipeline/{closure}(Object(Illuminate/Http/Request))
#52 C:/Users/ceron/Downloads/OptiGest_Cadiliompa_PostgreSQL/optigest/backend/vendor/laravel/framework/src/Illuminate/Pipeline/Pipeline.php(209): Illuminate/Foundation/Http/Middleware/InvokeDeferredCallbacks->handle(Object(Illuminate/Http/Request), Object(Closure))
#53 C:/Users/ceron/Downloads/OptiGest_Cadiliompa_PostgreSQL/optigest/backend/vendor/laravel/framework/src/Illuminate/Pipeline/Pipeline.php(127): Illuminate/Pipeline/Pipeline->Illuminate/Pipeline/{closure}(Object(Illuminate/Http/Request))
#54 C:/Users/ceron/Downloads/OptiGest_Cadiliompa_PostgreSQL/optigest/backend/vendor/laravel/framework/src/Illuminate/Foundation/Http/Kernel.php(176): Illuminate/Pipeline/Pipeline->then(Object(Closure))
#55 C:/Users/ceron/Downloads/OptiGest_Cadiliompa_PostgreSQL/optigest/backend/vendor/laravel/framework/src/Illuminate/Foundation/Http/Kernel.php(145): Illuminate/Foundation/Http/Kernel->sendRequestThroughRouter(Object(Illuminate/Http/Request))
#56 C:/Users/ceron/Downloads/OptiGest_Cadiliompa_PostgreSQL/optigest/backend/vendor/laravel/framework/src/Illuminate/Foundation/Application.php(1220): Illuminate/Foundation/Http/Kernel->handle(Object(Illuminate/Http/Request))
#57 C:/Users/ceron/Downloads/OptiGest_Cadiliompa_PostgreSQL/optigest/backend/public/index.php(15): Illuminate/Foundation/Application->handleRequest(Object(Illuminate/Http/Request))
#58 C:/Users/ceron/Downloads/OptiGest_Cadiliompa_PostgreSQL/optigest/backend/vendor/laravel/framework/src/Illuminate/Foundation/resources/server.php(23): require_once('C://Users//ceron//...')
#59 {main}

[previous exception] [object] (Illuminate\\Routing\\Exceptions\\UrlGenerationException(code: 0): Missing required parameter for [Route: cotizaciones.pdf] [URI: cotizaciones/{cotizacion}/pdf] [Missing parameter: cotizacion]. at C:/Users/ceron/Downloads/OptiGest_Cadiliompa_PostgreSQL/optigest/backend/vendor/laravel/framework/src/Illuminate/Routing/Exceptions/UrlGenerationException.php:35)
[stacktrace]
#0 C:/Users/ceron/Downloads/OptiGest_Cadiliompa_PostgreSQL/optigest/backend/vendor/laravel/framework/src/Illuminate/Routing/RouteUrlGenerator.php(90): Illuminate/Routing/Exceptions/UrlGenerationException::forMissingParameters(Object(Illuminate/Routing/Route), Array)
#1 C:/Users/ceron/Downloads/OptiGest_Cadiliompa_PostgreSQL/optigest/backend/vendor/laravel/framework/src/Illuminate/Routing/UrlGenerator.php(544): Illuminate/Routing/RouteUrlGenerator->to(Object(Illuminate/Routing/Route), Array, true)
#2 C:/Users/ceron/Downloads/OptiGest_Cadiliompa_PostgreSQL/optigest/backend/vendor/laravel/framework/src/Illuminate/Routing/UrlGenerator.php(509): Illuminate/Routing/UrlGenerator->toRoute(Object(Illuminate/Routing/Route), Array, true)
#3 C:/Users/ceron/Downloads/OptiGest_Cadiliompa_PostgreSQL/optigest/backend/vendor/laravel/framework/src/Illuminate/Foundation/helpers.php(853): Illuminate/Routing/UrlGenerator->route('cotizaciones.pd...', Object(App/Models/Cotizacion), true)
#4 C:/Users/ceron/Downloads/OptiGest_Cadiliompa_PostgreSQL/optigest/backend/storage/framework/views/b57c1bc46eefca1039ad3466833aea97.php(6): route('cotizaciones.pd...', Object(App/Models/Cotizacion))
#5 C:/Users/ceron/Downloads/OptiGest_Cadiliompa_PostgreSQL/optigest/backend/vendor/laravel/framework/src/Illuminate/Filesystem/Filesystem.php(123): require('C://Users//ceron//...')
#6 C:/Users/ceron/Downloads/OptiGest_Cadiliompa_PostgreSQL/optigest/backend/vendor/laravel/framework/src/Illuminate/Filesystem/Filesystem.php(124): Illuminate/Filesystem/Filesystem::Illuminate/Filesystem/{closure}()
#7 C:/Users/ceron/Downloads/OptiGest_Cadiliompa_PostgreSQL/optigest/backend/vendor/laravel/framework/src/Illuminate/View/Engines/PhpEngine.php(58): Illuminate/Filesystem/Filesystem->getRequire('C://Users//ceron//...', Array)
#8 C:/Users/ceron/Downloads/OptiGest_Cadiliompa_PostgreSQL/optigest/backend/vendor/laravel/framework/src/Illuminate/View/Engines/CompilerEngine.php(75): Illuminate/View/Engines/PhpEngine->evaluatePath('C://Users//ceron//...', Array)
#9 C:/Users/ceron/Downloads/OptiGest_Cadiliompa_PostgreSQL/optigest/backend/vendor/laravel/framework/src/Illuminate/View/View.php(209): Illuminate/View/Engines/CompilerEngine->get('C://Users//ceron//...', Array)
#10 C:/Users/ceron/Downloads/OptiGest_Cadiliompa_PostgreSQL/optigest/backend/vendor/laravel/framework/src/Illuminate/View/View.php(192): Illuminate/View/View->getContents()
#11 C:/Users/ceron/Downloads/OptiGest_Cadiliompa_PostgreSQL/optigest/backend/vendor/laravel/framework/src/Illuminate/View/View.php(161): Illuminate/View/View->renderContents()
#12 C:/Users/ceron/Downloads/OptiGest_Cadiliompa_PostgreSQL/optigest/backend/vendor/laravel/framework/src/Illuminate/Http/Response.php(79): Illuminate/View/View->render()
#13 C:/Users/ceron/Downloads/OptiGest_Cadiliompa_PostgreSQL/optigest/backend/vendor/laravel/framework/src/Illuminate/Http/Response.php(35): Illuminate/Http/Response->setContent(Object(Illuminate/View/View))
#14 C:/Users/ceron/Downloads/OptiGest_Cadiliompa_PostgreSQL/optigest/backend/vendor/laravel/framework/src/Illuminate/Routing/Router.php(920): Illuminate/Http/Response->__construct(Object(Illuminate/View/View), 200, Array)
#15 C:/Users/ceron/Downloads/OptiGest_Cadiliompa_PostgreSQL/optigest/backend/vendor/laravel/framework/src/Illuminate/Routing/Router.php(887): Illuminate/Routing/Router::toResponse(Object(Illuminate/Http/Request), Object(Illuminate/View/View))
#16 C:/Users/ceron/Downloads/OptiGest_Cadiliompa_PostgreSQL/optigest/backend/vendor/laravel/framework/src/Illuminate/Routing/Router.php(807): Illuminate/Routing/Router->prepareResponse(Object(Illuminate/Http/Request), Object(Illuminate/View/View))
#17 C:/Users/ceron/Downloads/OptiGest_Cadiliompa_PostgreSQL/optigest/backend/vendor/laravel/framework/src/Illuminate/Pipeline/Pipeline.php(170): Illuminate/Routing/Router->Illuminate/Routing/{closure}(Object(Illuminate/Http/Request))
#18 C:/Users/ceron/Downloads/OptiGest_Cadiliompa_PostgreSQL/optigest/backend/vendor/spatie/laravel-permission/src/Middleware/RoleMiddleware.php(37): Illuminate/Pipeline/Pipeline->Illuminate/Pipeline/{closure}(Object(Illuminate/Http/Request))
#19 C:/Users/ceron/Downloads/OptiGest_Cadiliompa_PostgreSQL/optigest/backend/vendor/laravel/framework/src/Illuminate/Pipeline/Pipeline.php(209): Spatie/Permission/Middleware/RoleMiddleware->handle(Object(Illuminate/Http/Request), Object(Closure), 'administrador|c...')
#20 C:/Users/ceron/Downloads/OptiGest_Cadiliompa_PostgreSQL/optigest/backend/vendor/laravel/framework/src/Illuminate/Auth/Middleware/EnsureEmailIsVerified.php(41): Illuminate/Pipeline/Pipeline->Illuminate/Pipeline/{closure}(Object(Illuminate/Http/Request))
#21 C:/Users/ceron/Downloads/OptiGest_Cadiliompa_PostgreSQL/optigest/backend/vendor/laravel/framework/src/Illuminate/Pipeline/Pipeline.php(209): Illuminate/Auth/Middleware/EnsureEmailIsVerified->handle(Object(Illuminate/Http/Request), Object(Closure))
#22 C:/Users/ceron/Downloads/OptiGest_Cadiliompa_PostgreSQL/optigest/backend/vendor/laravel/framework/src/Illuminate/Routing/Middleware/SubstituteBindings.php(51): Illuminate/Pipeline/Pipeline->Illuminate/Pipeline/{closure}(Object(Illuminate/Http/Request))
#23 C:/Users/ceron/Downloads/OptiGest_Cadiliompa_PostgreSQL/optigest/backend/vendor/laravel/framework/src/Illuminate/Pipeline/Pipeline.php(209): Illuminate/Routing/Middleware/SubstituteBindings->handle(Object(Illuminate/Http/Request), Object(Closure))
#24 C:/Users/ceron/Downloads/OptiGest_Cadiliompa_PostgreSQL/optigest/backend/vendor/laravel/framework/src/Illuminate/Auth/Middleware/Authenticate.php(64): Illuminate/Pipeline/Pipeline->Illuminate/Pipeline/{closure}(Object(Illuminate/Http/Request))
#25 C:/Users/ceron/Downloads/OptiGest_Cadiliompa_PostgreSQL/optigest/backend/vendor/laravel/framework/src/Illuminate/Pipeline/Pipeline.php(209): Illuminate/Auth/Middleware/Authenticate->handle(Object(Illuminate/Http/Request), Object(Closure))
#26 C:/Users/ceron/Downloads/OptiGest_Cadiliompa_PostgreSQL/optigest/backend/vendor/laravel/framework/src/Illuminate/Foundation/Http/Middleware/VerifyCsrfToken.php(88): Illuminate/Pipeline/Pipeline->Illuminate/Pipeline/{closure}(Object(Illuminate/Http/Request))
#27 C:/Users/ceron/Downloads/OptiGest_Cadiliompa_PostgreSQL/optigest/backend/vendor/laravel/framework/src/Illuminate/Pipeline/Pipeline.php(209): Illuminate/Foundation/Http/Middleware/VerifyCsrfToken->handle(Object(Illuminate/Http/Request), Object(Closure))
#28 C:/Users/ceron/Downloads/OptiGest_Cadiliompa_PostgreSQL/optigest/backend/vendor/laravel/framework/src/Illuminate/View/Middleware/ShareErrorsFromSession.php(49): Illuminate/Pipeline/Pipeline->Illuminate/Pipeline/{closure}(Object(Illuminate/Http/Request))
#29 C:/Users/ceron/Downloads/OptiGest_Cadiliompa_PostgreSQL/optigest/backend/vendor/laravel/framework/src/Illuminate/Pipeline/Pipeline.php(209): Illuminate/View/Middleware/ShareErrorsFromSession->handle(Object(Illuminate/Http/Request), Object(Closure))
#30 C:/Users/ceron/Downloads/OptiGest_Cadiliompa_PostgreSQL/optigest/backend/vendor/laravel/framework/src/Illuminate/Session/Middleware/StartSession.php(121): Illuminate/Pipeline/Pipeline->Illuminate/Pipeline/{closure}(Object(Illuminate/Http/Request))
#31 C:/Users/ceron/Downloads/OptiGest_Cadiliompa_PostgreSQL/optigest/backend/vendor/laravel/framework/src/Illuminate/Session/Middleware/StartSession.php(64): Illuminate/Session/Middleware/StartSession->handleStatefulRequest(Object(Illuminate/Http/Request), Object(Illuminate/Session/Store), Object(Closure))
#32 C:/Users/ceron/Downloads/OptiGest_Cadiliompa_PostgreSQL/optigest/backend/vendor/laravel/framework/src/Illuminate/Pipeline/Pipeline.php(209): Illuminate/Session/Middleware/StartSession->handle(Object(Illuminate/Http/Request), Object(Closure))
#33 C:/Users/ceron/Downloads/OptiGest_Cadiliompa_PostgreSQL/optigest/backend/vendor/laravel/framework/src/Illuminate/Cookie/Middleware/AddQueuedCookiesToResponse.php(37): Illuminate/Pipeline/Pipeline->Illuminate/Pipeline/{closure}(Object(Illuminate/Http/Request))
#34 C:/Users/ceron/Downloads/OptiGest_Cadiliompa_PostgreSQL/optigest/backend/vendor/laravel/framework/src/Illuminate/Pipeline/Pipeline.php(209): Illuminate/Cookie/Middleware/AddQueuedCookiesToResponse->handle(Object(Illuminate/Http/Request), Object(Closure))
#35 C:/Users/ceron/Downloads/OptiGest_Cadiliompa_PostgreSQL/optigest/backend/vendor/laravel/framework/src/Illuminate/Cookie/Middleware/EncryptCookies.php(75): Illuminate/Pipeline/Pipeline->Illuminate/Pipeline/{closure}(Object(Illuminate/Http/Request))
#36 C:/Users/ceron/Downloads/OptiGest_Cadiliompa_PostgreSQL/optigest/backend/vendor/laravel/framework/src/Illuminate/Pipeline/Pipeline.php(209): Illuminate/Cookie/Middleware/EncryptCookies->handle(Object(Illuminate/Http/Request), Object(Closure))
#37 C:/Users/ceron/Downloads/OptiGest_Cadiliompa_PostgreSQL/optigest/backend/vendor/laravel/framework/src/Illuminate/Pipeline/Pipeline.php(127): Illuminate/Pipeline/Pipeline->Illuminate/Pipeline/{closure}(Object(Illuminate/Http/Request))
#38 C:/Users/ceron/Downloads/OptiGest_Cadiliompa_PostgreSQL/optigest/backend/vendor/laravel/framework/src/Illuminate/Routing/Router.php(807): Illuminate/Pipeline/Pipeline->then(Object(Closure))
#39 C:/Users/ceron/Downloads/OptiGest_Cadiliompa_PostgreSQL/optigest/backend/vendor/laravel/framework/src/Illuminate/Routing/Router.php(786): Illuminate/Routing/Router->runRouteWithinStack(Object(Illuminate/Routing/Route), Object(Illuminate/Http/Request))
#40 C:/Users/ceron/Downloads/OptiGest_Cadiliompa_PostgreSQL/optigest/backend/vendor/laravel/framework/src/Illuminate/Routing/Router.php(750): Illuminate/Routing/Router->runRoute(Object(Illuminate/Http/Request), Object(Illuminate/Routing/Route))
#41 C:/Users/ceron/Downloads/OptiGest_Cadiliompa_PostgreSQL/optigest/backend/vendor/laravel/framework/src/Illuminate/Routing/Router.php(739): Illuminate/Routing/Router->dispatchToRoute(Object(Illuminate/Http/Request))
#42 C:/Users/ceron/Downloads/OptiGest_Cadiliompa_PostgreSQL/optigest/backend/vendor/laravel/framework/src/Illuminate/Foundation/Http/Kernel.php(201): Illuminate/Routing/Router->dispatch(Object(Illuminate/Http/Request))
#43 C:/Users/ceron/Downloads/OptiGest_Cadiliompa_PostgreSQL/optigest/backend/vendor/laravel/framework/src/Illuminate/Pipeline/Pipeline.php(170): Illuminate/Foundation/Http/Kernel->Illuminate/Foundation/Http/{closure}(Object(Illuminate/Http/Request))
#44 C:/Users/ceron/Downloads/OptiGest_Cadiliompa_PostgreSQL/optigest/backend/vendor/laravel/framework/src/Illuminate/Foundation/Http/Middleware/TransformsRequest.php(21): Illuminate/Pipeline/Pipeline->Illuminate/Pipeline/{closure}(Object(Illuminate/Http/Request))
#45 C:/Users/ceron/Downloads/OptiGest_Cadiliompa_PostgreSQL/optigest/backend/vendor/laravel/framework/src/Illuminate/Foundation/Http/Middleware/ConvertEmptyStringsToNull.php(31): Illuminate/Foundation/Http/Middleware/TransformsRequest->handle(Object(Illuminate/Http/Request), Object(Closure))
#46 C:/Users/ceron/Downloads/OptiGest_Cadiliompa_PostgreSQL/optigest/backend/vendor/laravel/framework/src/Illuminate/Pipeline/Pipeline.php(209): Illuminate/Foundation/Http/Middleware/ConvertEmptyStringsToNull->handle(Object(Illuminate/Http/Request), Object(Closure))
#47 C:/Users/ceron/Downloads/OptiGest_Cadiliompa_PostgreSQL/optigest/backend/vendor/laravel/framework/src/Illuminate/Foundation/Http/Middleware/TransformsRequest.php(21): Illuminate/Pipeline/Pipeline->Illuminate/Pipeline/{closure}(Object(Illuminate/Http/Request))
#48 C:/Users/ceron/Downloads/OptiGest_Cadiliompa_PostgreSQL/optigest/backend/vendor/laravel/framework/src/Illuminate/Foundation/Http/Middleware/TrimStrings.php(51): Illuminate/Foundation/Http/Middleware/TransformsRequest->handle(Object(Illuminate/Http/Request), Object(Closure))
#49 C:/Users/ceron/Downloads/OptiGest_Cadiliompa_PostgreSQL/optigest/backend/vendor/laravel/framework/src/Illuminate/Pipeline/Pipeline.php(209): Illuminate/Foundation/Http/Middleware/TrimStrings->handle(Object(Illuminate/Http/Request), Object(Closure))
#50 C:/Users/ceron/Downloads/OptiGest_Cadiliompa_PostgreSQL/optigest/backend/vendor/laravel/framework/src/Illuminate/Http/Middleware/ValidatePostSize.php(27): Illuminate/Pipeline/Pipeline->Illuminate/Pipeline/{closure}(Object(Illuminate/Http/Request))
#51 C:/Users/ceron/Downloads/OptiGest_Cadiliompa_PostgreSQL/optigest/backend/vendor/laravel/framework/src/Illuminate/Pipeline/Pipeline.php(209): Illuminate/Http/Middleware/ValidatePostSize->handle(Object(Illuminate/Http/Request), Object(Closure))
#52 C:/Users/ceron/Downloads/OptiGest_Cadiliompa_PostgreSQL/optigest/backend/vendor/laravel/framework/src/Illuminate/Foundation/Http/Middleware/PreventRequestsDuringMaintenance.php(110): Illuminate/Pipeline/Pipeline->Illuminate/Pipeline/{closure}(Object(Illuminate/Http/Request))
#53 C:/Users/ceron/Downloads/OptiGest_Cadiliompa_PostgreSQL/optigest/backend/vendor/laravel/framework/src/Illuminate/Pipeline/Pipeline.php(209): Illuminate/Foundation/Http/Middleware/PreventRequestsDuringMaintenance->handle(Object(Illuminate/Http/Request), Object(Closure))
#54 C:/Users/ceron/Downloads/OptiGest_Cadiliompa_PostgreSQL/optigest/backend/vendor/laravel/framework/src/Illuminate/Http/Middleware/HandleCors.php(49): Illuminate/Pipeline/Pipeline->Illuminate/Pipeline/{closure}(Object(Illuminate/Http/Request))
#55 C:/Users/ceron/Downloads/OptiGest_Cadiliompa_PostgreSQL/optigest/backend/vendor/laravel/framework/src/Illuminate/Pipeline/Pipeline.php(209): Illuminate/Http/Middleware/HandleCors->handle(Object(Illuminate/Http/Request), Object(Closure))
#56 C:/Users/ceron/Downloads/OptiGest_Cadiliompa_PostgreSQL/optigest/backend/vendor/laravel/framework/src/Illuminate/Http/Middleware/TrustProxies.php(58): Illuminate/Pipeline/Pipeline->Illuminate/Pipeline/{closure}(Object(Illuminate/Http/Request))
#57 C:/Users/ceron/Downloads/OptiGest_Cadiliompa_PostgreSQL/optigest/backend/vendor/laravel/framework/src/Illuminate/Pipeline/Pipeline.php(209): Illuminate/Http/Middleware/TrustProxies->handle(Object(Illuminate/Http/Request), Object(Closure))
#58 C:/Users/ceron/Downloads/OptiGest_Cadiliompa_PostgreSQL/optigest/backend/vendor/laravel/framework/src/Illuminate/Foundation/Http/Middleware/InvokeDeferredCallbacks.php(22): Illuminate/Pipeline/Pipeline->Illuminate/Pipeline/{closure}(Object(Illuminate/Http/Request))
#59 C:/Users/ceron/Downloads/OptiGest_Cadiliompa_PostgreSQL/optigest/backend/vendor/laravel/framework/src/Illuminate/Pipeline/Pipeline.php(209): Illuminate/Foundation/Http/Middleware/InvokeDeferredCallbacks->handle(Object(Illuminate/Http/Request), Object(Closure))
#60 C:/Users/ceron/Downloads/OptiGest_Cadiliompa_PostgreSQL/optigest/backend/vendor/laravel/framework/src/Illuminate/Pipeline/Pipeline.php(127): Illuminate/Pipeline/Pipeline->Illuminate/Pipeline/{closure}(Object(Illuminate/Http/Request))
#61 C:/Users/ceron/Downloads/OptiGest_Cadiliompa_PostgreSQL/optigest/backend/vendor/laravel/framework/src/Illuminate/Foundation/Http/Kernel.php(176): Illuminate/Pipeline/Pipeline->then(Object(Closure))
#62 C:/Users/ceron/Downloads/OptiGest_Cadiliompa_PostgreSQL/optigest/backend/vendor/laravel/framework/src/Illuminate/Foundation/Http/Kernel.php(145): Illuminate/Foundation/Http/Kernel->sendRequestThroughRouter(Object(Illuminate/Http/Request))
#63 C:/Users/ceron/Downloads/OptiGest_Cadiliompa_PostgreSQL/optigest/backend/vendor/laravel/framework/src/Illuminate/Foundation/Application.php(1220): Illuminate/Foundation/Http/Kernel->handle(Object(Illuminate/Http/Request))
#64 C:/Users/ceron/Downloads/OptiGest_Cadiliompa_PostgreSQL/optigest/backend/public/index.php(15): Illuminate/Foundation/Application->handleRequest(Object(Illuminate/Http/Request))
#65 C:/Users/ceron/Downloads/OptiGest_Cadiliompa_PostgreSQL/optigest/backend/vendor/laravel/framework/src/Illuminate/Foundation/resources/server.php(23): require_once('C://Users//ceron//...')
#66 {main}
"} 
